Component: ARM Compiler 5.06 update 5 (build 528) Tool: armlink [4d35e2]

==============================================================================

Section Cross References

    startup_stm32f103xb.o(STACK) refers (Special) to heapauxi.o(.text) for __use_two_region_memory
    startup_stm32f103xb.o(HEAP) refers (Special) to heapauxi.o(.text) for __use_two_region_memory
    startup_stm32f103xb.o(RESET) refers (Special) to heapauxi.o(.text) for __use_two_region_memory
    startup_stm32f103xb.o(RESET) refers to startup_stm32f103xb.o(STACK) for __initial_sp
    startup_stm32f103xb.o(RESET) refers to startup_stm32f103xb.o(.text) for Reset_Handler
    startup_stm32f103xb.o(RESET) refers to stm32f1xx_it.o(i.NMI_Handler) for NMI_Handler
    startup_stm32f103xb.o(RESET) refers to stm32f1xx_it.o(i.HardFault_Handler) for HardFault_Handler
    startup_stm32f103xb.o(RESET) refers to stm32f1xx_it.o(i.MemManage_Handler) for MemManage_Handler
    startup_stm32f103xb.o(RESET) refers to stm32f1xx_it.o(i.BusFault_Handler) for BusFault_Handler
    startup_stm32f103xb.o(RESET) refers to stm32f1xx_it.o(i.UsageFault_Handler) for UsageFault_Handler
    startup_stm32f103xb.o(RESET) refers to stm32f1xx_it.o(i.SVC_Handler) for SVC_Handler
    startup_stm32f103xb.o(RESET) refers to stm32f1xx_it.o(i.DebugMon_Handler) for DebugMon_Handler
    startup_stm32f103xb.o(RESET) refers to stm32f1xx_it.o(i.PendSV_Handler) for PendSV_Handler
    startup_stm32f103xb.o(RESET) refers to stm32f1xx_it.o(i.SysTick_Handler) for SysTick_Handler
    startup_stm32f103xb.o(RESET) refers to stm32f1xx_it.o(i.EXTI0_IRQHandler) for EXTI0_IRQHandler
    startup_stm32f103xb.o(RESET) refers to stm32f1xx_it.o(i.EXTI1_IRQHandler) for EXTI1_IRQHandler
    startup_stm32f103xb.o(RESET) refers to stm32f1xx_it.o(i.TIM2_IRQHandler) for TIM2_IRQHandler
    startup_stm32f103xb.o(RESET) refers to stm32f1xx_it.o(i.TIM4_IRQHandler) for TIM4_IRQHandler
    startup_stm32f103xb.o(RESET) refers to stm32f1xx_it.o(i.USART1_IRQHandler) for USART1_IRQHandler
    startup_stm32f103xb.o(.text) refers (Special) to heapauxi.o(.text) for __use_two_region_memory
    startup_stm32f103xb.o(.text) refers to system_stm32f1xx.o(i.SystemInit) for SystemInit
    startup_stm32f103xb.o(.text) refers to __main.o(!!!main) for __main
    startup_stm32f103xb.o(.text) refers to startup_stm32f103xb.o(HEAP) for Heap_Mem
    startup_stm32f103xb.o(.text) refers to startup_stm32f103xb.o(STACK) for Stack_Mem
    dht11.o(i.DHT11_Check) refers to dht11.o(i.DHT11_IO_IN) for DHT11_IO_IN
    dht11.o(i.DHT11_Check) refers to main.o(i.delay_us) for delay_us
    dht11.o(i.DHT11_Check) refers to stm32f1xx_hal_gpio.o(i.HAL_GPIO_ReadPin) for HAL_GPIO_ReadPin
    dht11.o(i.DHT11_IO_IN) refers to stm32f1xx_hal_gpio.o(i.HAL_GPIO_Init) for HAL_GPIO_Init
    dht11.o(i.DHT11_IO_OUT) refers to stm32f1xx_hal_gpio.o(i.HAL_GPIO_Init) for HAL_GPIO_Init
    dht11.o(i.DHT11_Read_Bit) refers to main.o(i.delay_us) for delay_us
    dht11.o(i.DHT11_Read_Bit) refers to stm32f1xx_hal_gpio.o(i.HAL_GPIO_ReadPin) for HAL_GPIO_ReadPin
    dht11.o(i.DHT11_Read_Byte) refers to dht11.o(i.DHT11_Read_Bit) for DHT11_Read_Bit
    dht11.o(i.DHT11_Read_Data) refers to dht11.o(i.DHT11_Rst) for DHT11_Rst
    dht11.o(i.DHT11_Read_Data) refers to dht11.o(i.DHT11_Check) for DHT11_Check
    dht11.o(i.DHT11_Read_Data) refers to dht11.o(i.DHT11_Read_Byte) for DHT11_Read_Byte
    dht11.o(i.DHT11_Rst) refers to dht11.o(i.DHT11_IO_OUT) for DHT11_IO_OUT
    dht11.o(i.DHT11_Rst) refers to stm32f1xx_hal_gpio.o(i.HAL_GPIO_WritePin) for HAL_GPIO_WritePin
    dht11.o(i.DHT11_Rst) refers to stm32f1xx_hal.o(i.HAL_Delay) for HAL_Delay
    dht11.o(i.DHT11_Rst) refers to main.o(i.delay_us) for delay_us
    main.o(i.HAL_TIM_PeriodElapsedCallback) refers to tim.o(.bss) for htim2
    main.o(i.HAL_TIM_PeriodElapsedCallback) refers to main.o(.data) for .data
    main.o(i.Key_Process) refers to stm32f1xx_hal.o(i.HAL_GetTick) for HAL_GetTick
    main.o(i.Key_Process) refers to stm32f1xx_hal_gpio.o(i.HAL_GPIO_ReadPin) for HAL_GPIO_ReadPin
    main.o(i.Key_Process) refers to main.o(.data) for .data
    main.o(i.Key_Process) refers to tim.o(.bss) for htim1
    main.o(i.Key_Trigger) refers to stm32f1xx_hal.o(i.HAL_GetTick) for HAL_GetTick
    main.o(i.Key_Trigger) refers to main.o(.data) for .data
    main.o(i.Servo_Control) refers to stm32f1xx_hal.o(i.HAL_Delay) for HAL_Delay
    main.o(i.Servo_Control) refers to tim.o(.bss) for htim1
    main.o(i.SystemClock_Config) refers to rt_memclr_w.o(.text) for __aeabi_memclr4
    main.o(i.SystemClock_Config) refers to stm32f1xx_hal_rcc.o(i.HAL_RCC_OscConfig) for HAL_RCC_OscConfig
    main.o(i.SystemClock_Config) refers to stm32f1xx_hal_rcc.o(i.HAL_RCC_ClockConfig) for HAL_RCC_ClockConfig
    main.o(i.Ultrasonic_Calc_Distance) refers to dflt_clz.o(x$fpl$dfltu) for __aeabi_ui2d
    main.o(i.Ultrasonic_Calc_Distance) refers to dmul.o(x$fpl$dmul) for __aeabi_dmul
[...]
    .text                                    0x08000268   Section        0  _printf_dec.o(.text)
    .text                                    0x080002e0   Section        0  __printf_wp.o(.text)
    .text                                    0x080003ee   Section        0  strstr.o(.text)
    .text                                    0x08000412   Section        0  strcpy.o(.text)
    .text                                    0x0800045a   Section        0  strlen.o(.text)
    .text                                    0x08000498   Section      100  rt_memcpy_w.o(.text)
    .text                                    0x080004fc   Section       78  rt_memclr_w.o(.text)
    .text                                    0x0800054a   Section        0  heapauxi.o(.text)
    .text                                    0x08000550   Section        0  _printf_intcommon.o(.text)
    .text                                    0x08000602   Section        0  _printf_fp_dec.o(.text)
    _fp_digits                               0x08000605   Thumb Code   432  _printf_fp_dec.o(.text)
    .text                                    0x08000a20   Section        0  _printf_char_common.o(.text)
    _printf_input_char                       0x08000a21   Thumb Code    10  _printf_char_common.o(.text)
    .text                                    0x08000a50   Section        0  _sputc.o(.text)
    .text                                    0x08000a5a   Section        0  _printf_char.o(.text)
    .text                                    0x08000a88   Section        8  rt_locale_intlibspace.o(.text)
    .text                                    0x08000a90   Section      138  lludiv10.o(.text)
    .text                                    0x08000b1c   Section        0  _printf_fp_infnan.o(.text)
    .text                                    0x08000b9c   Section        0  bigflt0.o(.text)
    .text                                    0x08000c80   Section        8  libspace.o(.text)
    .text                                    0x08000c88   Section       74  sys_stackheap_outer.o(.text)
    .text                                    0x08000cd2   Section        0  exit.o(.text)
    .text                                    0x08000ce4   Section      128  strcmpv7m.o(.text)
    .text                                    0x08000d64   Section        0  sys_exit.o(.text)
    .text                                    0x08000d70   Section        2  use_no_semi.o(.text)
    .text                                    0x08000d72   Section        0  indicate_semi.o(.text)
    CL$$btod_d2e                             0x08000d72   Section       62  btod.o(CL$$btod_d2e)
    CL$$btod_d2e_denorm_low                  0x08000db0   Section       70  btod.o(CL$$btod_d2e_denorm_low)
    CL$$btod_d2e_norm_op1                    0x08000df6   Section       96  btod.o(CL$$btod_d2e_norm_op1)
    CL$$btod_div_common                      0x08000e56   Section      824  btod.o(CL$$btod_div_common)
    CL$$btod_e2e                             0x0800118e   Section      220  btod.o(CL$$btod_e2e)
    CL$$btod_ediv                            0x0800126a   Section       42  btod.o(CL$$btod_ediv)
    CL$$btod_emul                            0x08001294   Section       42  btod.o(CL$$btod_emul)
    CL$$btod_mult_common                     0x080012be   Section      580  btod.o(CL$$btod_mult_common)
    i.BusFault_Handler                       0x08001502   Section        0  stm32f1xx_it.o(i.BusFault_Handler)
    i.DHT11_Check                            0x08001504   Section        0  dht11.o(i.DHT11_Check)
    i.DHT11_IO_IN                            0x0800155c   Section        0  dht11.o(i.DHT11_IO_IN)
    i.DHT11_IO_OUT                           0x08001570   Section        0  dht11.o(i.DHT11_IO_OUT)
    i.DHT11_Read_Bit                         0x08001584   Section        0  dht11.o(i.DHT11_Read_Bit)
    i.DHT11_Read_Byte                        0x080015da   Section        0  dht11.o(i.DHT11_Read_Byte)
    i.DHT11_Read_Data                        0x08001600   Section        0  dht11.o(i.DHT11_Read_Data)
    i.DHT11_Rst                              0x0800165e   Section        0  dht11.o(i.DHT11_Rst)
    i.DebugMon_Handler                       0x0800168c   Section        0  stm32f1xx_it.o(i.DebugMon_Handler)
    i.EXTI0_IRQHandler                       0x08001690   Section        0  stm32f1xx_it.o(i.EXTI0_IRQHandler)
    i.EXTI1_IRQHandler                       0x080016c4   Section        0  stm32f1xx_it.o(i.EXTI1_IRQHandler)
    i.Error_Handler                          0x08001708   Section        0  main.o(i.Error_Handler)
    i.HAL_DMA_Abort                          0x0800170c   Section        0  stm32f1xx_hal_dma.o(i.HAL_DMA_Abort)
    i.HAL_DMA_Abort_IT                       0x08001754   Section        0  stm32f1xx_hal_dma.o(i.HAL_DMA_Abort_IT)
    i.HAL_Delay                              0x080017ec   Section        0  stm32f1xx_hal.o(i.HAL_Delay)
    i.HAL_GPIO_EXTI_Callback                 0x08001810   Section        0  stm32f1xx_hal_gpio.o(i.HAL_GPIO_EXTI_Callback)
    i.HAL_GPIO_EXTI_IRQHandler               0x08001814   Section        0  stm32f1xx_hal_gpio.o(i.HAL_GPIO_EXTI_IRQHandler)
    i.HAL_GPIO_Init                          0x0800182c   Section        0  stm32f1xx_hal_gpio.o(i.HAL_GPIO_Init)
    i.HAL_GPIO_ReadPin                       0x08001a0c   Section        0  stm32f1xx_hal_gpio.o(i.HAL_GPIO_ReadPin)
    i.HAL_GPIO_WritePin                      0x08001a16   Section        0  stm32f1xx_hal_gpio.o(i.HAL_GPIO_WritePin)
    i.HAL_GetTick                            0x08001a20   Section        0  stm32f1xx_hal.o(i.HAL_GetTick)
    i.HAL_IncTick                            0x08001a2c   Section        0  stm32f1xx_hal.o(i.HAL_IncTick)
    i.HAL_Init                               0x08001a3c   Section        0  stm32f1xx_hal.o(i.HAL_Init)
    i.HAL_InitTick                           0x08001a60   Section        0  stm32f1xx_hal.o(i.HAL_InitTick)
    i.HAL_MspInit                            0x08001aa0   Section        0  stm32f1xx_hal_msp.o(i.HAL_MspInit)
    i.HAL_NVIC_EnableIRQ                     0x08001adc   Section        0  stm32f1xx_hal_cortex.o(i.HAL_NVIC_EnableIRQ)
    i.HAL_NVIC_SetPriority                   0x08001af8   Section        0  stm32f1xx_hal_cortex.o(i.HAL_NVIC_SetPriority)
    i.HAL_NVIC_SetPriorityGrouping           0x08001b38   Section        0  stm32f1xx_hal_cortex.o(i.HAL_NVIC_SetPriorityGrouping)
    i.HAL_RCC_ClockConfig                    0x08001b5c   Section        0  stm32f1xx_hal_rcc.o(i.HAL_RCC_ClockConfig)
    i.HAL_RCC_GetPCLK1Freq                   0x08001c88   Section        0  stm32f1xx_hal_rcc.o(i.HAL_RCC_GetPCLK1Freq)
    i.HAL_RCC_GetPCLK2Freq                   0x08001ca8   Section        0  stm32f1xx_hal_rcc.o(i.HAL_RCC_GetPCLK2Freq)
    i.HAL_RCC_GetSysClockFreq                0x08001cc8   Section        0  stm32f1xx_hal_rcc.o(i.HAL_RCC_GetSysClockFreq)
    i.HAL_RCC_OscConfig                      0x08001d14   Section        0  stm32f1xx_hal_rcc.o(i.HAL_RCC_OscConfig)
    i.HAL_SYSTICK_Config                     0x08002034   Section        0  stm32f1xx_hal_cortex.o(i.HAL_SYSTICK_Config)
    i.HAL_TIMEx_BreakCallback                0x0800205c   Section        0  stm32f1xx_hal_tim_ex.o(i.HAL_TIMEx_BreakCallback)
    i.HAL_TIMEx_CommutCallback               0x0800205e   Section        0  stm32f1xx_hal_tim_ex.o(i.HAL_TIMEx_CommutCallback)
    i.HAL_TIMEx_ConfigBreakDeadTime          0x08002060   Section        0  stm32f1xx_hal_tim_ex.o(i.HAL_TIMEx_ConfigBreakDeadTime)
    i.HAL_TIMEx_MasterConfigSynchronization  0x080020b4   Section        0  stm32f1xx_hal_tim_ex.o(i.HAL_TIMEx_MasterConfigSynchronization)
    i.HAL_TIM_Base_Init                      0x0800211c   Section        0  stm32f1xx_hal_tim.o(i.HAL_TIM_Base_Init)
    i.HAL_TIM_Base_MspInit                   0x08002178   Section        0  tim.o(i.HAL_TIM_Base_MspInit)
    i.HAL_TIM_Base_Start_IT                  0x0800221c   Section        0  stm32f1xx_hal_tim.o(i.HAL_TIM_Base_Start_IT)
    i.HAL_TIM_ConfigClockSource              0x08002274   Section        0  stm32f1xx_hal_tim.o(i.HAL_TIM_ConfigClockSource)
    i.HAL_TIM_IC_CaptureCallback             0x08002350   Section        0  stm32f1xx_hal_tim.o(i.HAL_TIM_IC_CaptureCallback)
    i.HAL_TIM_IC_ConfigChannel               0x08002352   Section        0  stm32f1xx_hal_tim.o(i.HAL_TIM_IC_ConfigChannel)
    i.HAL_TIM_IC_Init                        0x08002476   Section        0  stm32f1xx_hal_tim.o(i.HAL_TIM_IC_Init)
    i.HAL_TIM_IC_MspInit                     0x080024d0   Section        0  stm32f1xx_hal_tim.o(i.HAL_TIM_IC_MspInit)
    i.HAL_TIM_IC_Start_IT                    0x080024d4   Section        0  stm32f1xx_hal_tim.o(i.HAL_TIM_IC_Start_IT)
    i.HAL_TIM_IRQHandler                     0x080025b8   Section        0  stm32f1xx_hal_tim.o(i.HAL_TIM_IRQHandler)
    i.HAL_TIM_MspPostInit                    0x080026e8   Section        0  tim.o(i.HAL_TIM_MspPostInit)
    i.HAL_TIM_OC_DelayElapsedCallback        0x08002734   Section        0  stm32f1xx_hal_tim.o(i.HAL_TIM_OC_DelayElapsedCallback)
    i.HAL_TIM_PWM_ConfigChannel              0x08002736   Section        0  stm32f1xx_hal_tim.o(i.HAL_TIM_PWM_ConfigChannel)
    i.HAL_TIM_PWM_Init                       0x08002802   Section        0  stm32f1xx_hal_tim.o(i.HAL_TIM_PWM_Init)
    i.HAL_TIM_PWM_MspInit                    0x0800285c   Section        0  stm32f1xx_hal_tim.o(i.HAL_TIM_PWM_MspInit)
    i.HAL_TIM_PWM_PulseFinishedCallback      0x0800285e   Section        0  stm32f1xx_hal_tim.o(i.HAL_TIM_PWM_PulseFinishedCallback)
    i.HAL_TIM_PWM_Start                      0x08002860   Section        0  stm32f1xx_hal_tim.o(i.HAL_TIM_PWM_Start)
    i.HAL_TIM_PeriodElapsedCallback          0x080028fc   Section        0  main.o(i.HAL_TIM_PeriodElapsedCallback)
    i.HAL_TIM_ReadCapturedValue              0x08002920   Section        0  stm32f1xx_hal_tim.o(i.HAL_TIM_ReadCapturedValue)
    i.HAL_TIM_TriggerCallback                0x0800294a   Section        0  stm32f1xx_hal_tim.o(i.HAL_TIM_TriggerCallback)
    i.HAL_UARTEx_RxEventCallback             0x0800294c   Section        0  stm32f1xx_hal_uart.o(i.HAL_UARTEx_RxEventCallback)
    i.HAL_UART_ErrorCallback                 0x0800294e   Section        0  stm32f1xx_hal_uart.o(i.HAL_UART_ErrorCallback)
    i.HAL_UART_IRQHandler                    0x08002950   Section        0  stm32f1xx_hal_uart.o(i.HAL_UART_IRQHandler)
    i.HAL_UART_Init                          0x08002bbc   Section        0  stm32f1xx_hal_uart.o(i.HAL_UART_Init)
    i.HAL_UART_MspInit                       0x08002c20   Section        0  usart.o(i.HAL_UART_MspInit)
    i.HAL_UART_RxCpltCallback                0x08002cec   Section        0  stm32f1xx_hal_uart.o(i.HAL_UART_RxCpltCallback)
    i.HAL_UART_Transmit                      0x08002cee   Section        0  stm32f1xx_hal_uart.o(i.HAL_UART_Transmit)
    i.HAL_UART_TxCpltCallback                0x08002d8e   Section        0  stm32f1xx_hal_uart.o(i.HAL_UART_TxCpltCallback)
    i.HardFault_Handler                      0x08002d90   Section        0  stm32f1xx_it.o(i.HardFault_Handler)
    i.Key_Process                            0x08002d94   Section        0  main.o(i.Key_Process)
    i.Key_Trigger                            0x08002e28   Section        0  main.o(i.Key_Trigger)
    i.MX_GPIO_Init                           0x08002e50   Section        0  gpio.o(i.MX_GPIO_Init)
    i.MX_TIM1_Init                           0x08002f4c   Section        0  tim.o(i.MX_TIM1_Init)
    i.MX_TIM2_Init                           0x0800302c   Section        0  tim.o(i.MX_TIM2_Init)
    i.MX_TIM4_Init                           0x08003094   Section        0  tim.o(i.MX_TIM4_Init)
    i.MX_USART1_UART_Init                    0x08003138   Section        0  usart.o(i.MX_USART1_UART_Init)
    i.MX_USART2_UART_Init                    0x08003170   Section        0  usart.o(i.MX_USART2_UART_Init)
    i.MemManage_Handler                      0x080031a8   Section        0  stm32f1xx_it.o(i.MemManage_Handler)
    i.NMI_Handler                            0x080031aa   Section        0  stm32f1xx_it.o(i.NMI_Handler)
    i.PendSV_Handler                         0x080031ac   Section        0  stm32f1xx_it.o(i.PendSV_Handler)
    i.STM32_To_ESP8266                       0x080031b0   Section        0  usart.o(i.STM32_To_ESP8266)
    i.SVC_Handler                            0x08003224   Section        0  stm32f1xx_it.o(i.SVC_Handler)
    i.SysTick_Handler                        0x08003226   Section        0  stm32f1xx_it.o(i.SysTick_Handler)
    i.SystemClock_Config                     0x0800322a   Section        0  main.o(i.SystemClock_Config)
    i.SystemInit                             0x08003288   Section        0  system_stm32f1xx.o(i.SystemInit)
    i.TIM2_IRQHandler                        0x0800328c   Section        0  stm32f1xx_it.o(i.TIM2_IRQHandler)
    i.TIM4_IRQHandler                        0x08003298   Section        0  stm32f1xx_it.o(i.TIM4_IRQHandler)
    i.TIM_Base_SetConfig                     0x08003340   Section        0  stm32f1xx_hal_tim.o(i.TIM_Base_SetConfig)
    i.TIM_CCxChannelCmd                      0x080033b8   Section        0  stm32f1xx_hal_tim.o(i.TIM_CCxChannelCmd)
    i.TIM_ETR_SetConfig                      0x080033d2   Section        0  stm32f1xx_hal_tim.o(i.TIM_ETR_SetConfig)
    i.TIM_ITRx_SetConfig                     0x080033e6   Section        0  stm32f1xx_hal_tim.o(i.TIM_ITRx_SetConfig)
    TIM_ITRx_SetConfig                       0x080033e7   Thumb Code    16  stm32f1xx_hal_tim.o(i.TIM_ITRx_SetConfig)
    i.TIM_OC1_SetConfig                      0x080033f8   Section        0  stm32f1xx_hal_tim.o(i.TIM_OC1_SetConfig)
    TIM_OC1_SetConfig                        0x080033f9   Thumb Code    74  stm32f1xx_hal_tim.o(i.TIM_OC1_SetConfig)
    i.TIM_OC2_SetConfig                      0x08003448   Section        0  stm32f1xx_hal_tim.o(i.TIM_OC2_SetConfig)
    i.TIM_OC3_SetConfig                      0x080034a0   Section        0  stm32f1xx_hal_tim.o(i.TIM_OC3_SetConfig)
    TIM_OC3_SetConfig                        0x080034a1   Thumb Code    82  stm32f1xx_hal_tim.o(i.TIM_OC3_SetConfig)
    i.TIM_OC4_SetConfig                      0x080034f8   Section        0  stm32f1xx_hal_tim.o(i.TIM_OC4_SetConfig)
    TIM_OC4_SetConfig                        0x080034f9   Thumb Code    64  stm32f1xx_hal_tim.o(i.TIM_OC4_SetConfig)
    i.TIM_TI1_ConfigInputStage               0x0800353c   Section        0  stm32f1xx_hal_tim.o(i.TIM_TI1_ConfigInputStage)
    TIM_TI1_ConfigInputStage                 0x0800353d   Thumb Code    34  stm32f1xx_hal_tim.o(i.TIM_TI1_ConfigInputStage)
    i.TIM_TI1_SetConfig                      0x08003560   Section        0  stm32f1xx_hal_tim.o(i.TIM_TI1_SetConfig)
    i.TIM_TI2_ConfigInputStage               0x080035b8   Section        0  stm32f1xx_hal_tim.o(i.TIM_TI2_ConfigInputStage)
    TIM_TI2_ConfigInputStage                 0x080035b9   Thumb Code    36  stm32f1xx_hal_tim.o(i.TIM_TI2_ConfigInputStage)
    i.TIM_TI2_SetConfig                      0x080035dc   Section        0  stm32f1xx_hal_tim.o(i.TIM_TI2_SetConfig)
    TIM_TI2_SetConfig                        0x080035dd   Thumb Code    54  stm32f1xx_hal_tim.o(i.TIM_TI2_SetConfig)
    i.UART_DMAAbortOnError                   0x08003612   Section        0  stm32f1xx_hal_uart.o(i.UART_DMAAbortOnError)
    UART_DMAAbortOnError                     0x08003613   Thumb Code    16  stm32f1xx_hal_uart.o(i.UART_DMAAbortOnError)
    i.UART_EndRxTransfer                     0x08003622   Section        0  stm32f1xx_hal_uart.o(i.UART_EndRxTransfer)
    UART_EndRxTransfer                       0x08003623   Thumb Code    78  stm32f1xx_hal_uart.o(i.UART_EndRxTransfer)
    i.UART_Receive_IT                        0x08003670   Section        0  stm32f1xx_hal_uart.o(i.UART_Receive_IT)
    UART_Receive_IT                          0x08003671   Thumb Code   194  stm32f1xx_hal_uart.o(i.UART_Receive_IT)
    i.UART_SetConfig                         0x08003734   Section        0  stm32f1xx_hal_uart.o(i.UART_SetConfig)
    UART_SetConfig                           0x08003735   Thumb Code   178  stm32f1xx_hal_uart.o(i.UART_SetConfig)
    i.UART_WaitOnFlagUntilTimeout            0x080037ec   Section        0  stm32f1xx_hal_uart.o(i.UART_WaitOnFlagUntilTimeout)
    UART_WaitOnFlagUntilTimeout              0x080037ed   Thumb Code   114  stm32f1xx_hal_uart.o(i.UART_WaitOnFlagUntilTimeout)
    i.USART1_IRQHandler                      0x08003860   Section        0  stm32f1xx_it.o(i.USART1_IRQHandler)
    i.Ultrasonic_Calc_Distance               0x080038bc   Section        0  main.o(i.Ultrasonic_Calc_Distance)
    i.Ultrasonic_NonBlocking_Read            0x0800399c   Section        0  main.o(i.Ultrasonic_NonBlocking_Read)
    i.Ultrasonic_Trigger                     0x080039d4   Section        0  main.o(i.Ultrasonic_Trigger)
    i.UsageFault_Handler                     0x08003a20   Section        0  stm32f1xx_it.o(i.UsageFault_Handler)
    i.__ARM_fpclassify                       0x08003a22   Section        0  fpclassify.o(i.__ARM_fpclassify)
    i.__NVIC_SetPriority                     0x08003a4a   Section        0  stm32f1xx_hal_cortex.o(i.__NVIC_SetPriority)
    __NVIC_SetPriority                       0x08003a4b   Thumb Code    32  stm32f1xx_hal_cortex.o(i.__NVIC_SetPriority)
    i._is_digit                              0x08003a6a   Section        0  __printf_wp.o(i._is_digit)
    i.delay_us                               0x08003a78   Section        0  main.o(i.delay_us)
    i.main                                   0x08003ab0   Section        0  main.o(i.main)
    locale$$code                             0x08003d08   Section       44  lc_numeric_c.o(locale$$code)
    x$fpl$d2f                                0x08003d34   Section       98  d2f.o(x$fpl$d2f)
    x$fpl$dadd                               0x08003d98   Section      336  daddsub_clz.o(x$fpl$dadd)
    _dadd1                                   0x08003da9   Thumb Code     0  daddsub_clz.o(x$fpl$dadd)
    x$fpl$dfix                               0x08003ee8   Section       94  dfix.o(x$fpl$dfix)
    x$fpl$dfltu                              0x08003f46   Section       38  dflt_clz.o(x$fpl$dfltu)
    x$fpl$dmul                               0x08003f6c   Section      340  dmul.o(x$fpl$dmul)
    x$fpl$dnaninf                            0x080040c0   Section      156  dnaninf.o(x$fpl$dnaninf)
    x$fpl$dretinf                            0x0800415c   Section       12  dretinf.o(x$fpl$dretinf)
    x$fpl$dsub                               0x08004168   Section      468  daddsub_clz.o(x$fpl$dsub)
    _dsub1                                   0x08004179   Thumb Code     0  daddsub_clz.o(x$fpl$dsub)
    x$fpl$f2d                                0x0800433c   Section       86  f2d.o(x$fpl$f2d)
    x$fpl$fdiv                               0x08004394   Section      388  fdiv.o(x$fpl$fdiv)
    _fdiv1                                   0x08004395   Thumb Code     0  fdiv.o(x$fpl$fdiv)
    x$fpl$fflt                               0x08004518   Section       48  fflt_clz.o(x$fpl$fflt)
    x$fpl$ffltu                              0x08004548   Section       38  fflt_clz.o(x$fpl$ffltu)
    x$fpl$fmul                               0x08004570   Section      258  fmul.o(x$fpl$fmul)
    x$fpl$fnaninf                            0x08004672   Section      140  fnaninf.o(x$fpl$fnaninf)
    x$fpl$fretinf                            0x080046fe   Section       10  fretinf.o(x$fpl$fretinf)
    x$fpl$printf1                            0x08004708   Section        4  printf1.o(x$fpl$printf1)
    .constdata                               0x0800470c   Section       18  stm32f1xx_hal_rcc.o(.constdata)
    x$fpl$usenofp                            0x0800470c   Section        0  usenofp.o(x$fpl$usenofp)
    aPredivFactorTable                       0x0800470c   Data           2  stm32f1xx_hal_rcc.o(.constdata)
    aPLLMULFactorTable                       0x0800470e   Data          16  stm32f1xx_hal_rcc.o(.constdata)
    .constdata                               0x0800471e   Section       16  system_stm32f1xx.o(.constdata)
    .constdata                               0x0800472e   Section        8  system_stm32f1xx.o(.constdata)
    .constdata                               0x08004738   Section      148  bigflt0.o(.constdata)
    tenpwrs_x                                0x08004738   Data          60  bigflt0.o(.constdata)
    tenpwrs_i                                0x08004774   Data          64  bigflt0.o(.constdata)
    locale$$data                             0x080047ec   Section       28  lc_numeric_c.o(locale$$data)
    __lcnum_c_name                           0x080047f0   Data           2  lc_numeric_c.o(locale$$data)
    __lcnum_c_start                          0x080047f8   Data           0  lc_numeric_c.o(locale$$data)
    __lcnum_c_point                          0x08004804   Data           0  lc_numeric_c.o(locale$$data)
    __lcnum_c_thousands                      0x08004806   Data           0  lc_numeric_c.o(locale$$data)
    __lcnum_c_grouping                       0x08004807   Data           0  lc_numeric_c.o(locale$$data)
    __lcnum_c_end                            0x08004808   Data           0  lc_numeric_c.o(locale$$data)
    .data                                    0x20000000   Section       28  main.o(.data)
    key1_trigger                             0x20000004   Data           1  main.o(.data)
    key2_trigger                             0x20000005   Data           1  main.o(.data)
    key1_tick                                0x20000010   Data           4  main.o(.data)
    key2_tick                                0x20000014   Data           4  main.o(.data)
    ultra_tick                               0x20000018   Data           4  main.o(.data)
    .data                                    0x2000001c   Section       12  stm32f1xx_hal.o(.data)
    .data                                    0x20000028   Section        4  system_stm32f1xx.o(.data)
    .bss                                     0x2000002c   Section      160  main.o(.bss)
    .bss                                     0x200000cc   Section      216  tim.o(.bss)
    .bss                                     0x200001a4   Section      144  usart.o(.bss)
    .bss                                     0x20000234   Section       96  libspace.o(.bss)
    HEAP                                     0x20000298   Section      512  startup_stm32f103xb.o(HEAP)
    Heap_Mem                                 0x20000298   Data         512  startup_stm32f103xb.o(HEAP)
    STACK                                    0x20000498   Section     1024  startup_stm32f103xb.o(STACK)
    Stack_Mem                                0x20000498   Data        1024  startup_stm32f103xb.o(STACK)
    __initial_sp                             0x20000898   Data           0  startup_stm32f103xb.o(STACK)

    Global Symbols

    Symbol Name                              Value     Ov Type        Size  Object(Section)

    BuildAttributes$$THM_ISAv4$P$D$K$B$S$PE$A:L22UL41UL21$X:L11$S22US41US21$IEEE1$IW$USESV6$~STKCKD$USESV7$~SHL$OTIME$ROPI$IEEEJ$EBA8$UX$STANDARDLIB$REQ8$PRES8$EABIv2 0x00000000   Number         0  anon$$obj.o ABSOLUTE
    __ARM_use_no_argv                        0x00000000   Number         0  main.o ABSOLUTE
    _printf_flags                            0x00000000   Number         0  printf_stubs.o ABSOLUTE
    _printf_return_value                     0x00000000   Number         0  printf_stubs.o ABSOLUTE
    _printf_sizespec                         0x00000000   Number         0  printf_stubs.o ABSOLUTE
    _printf_widthprec                        0x00000000   Number         0  printf_stubs.o ABSOLUTE
    __ARM_exceptions_init                     - Undefined Weak Reference
    __alloca_initialize                       - Undefined Weak Reference
    __arm_preinit_                            - Undefined Weak Reference
    __cpp_initialize__aeabi_                  - Undefined Weak Reference
    __cxa_finalize                            - Undefined Weak Reference
    __sigvec_lookup                           - Undefined Weak Reference
    _atexit_init                              - Undefined Weak Reference
    _call_atexit_fns                          - Undefined Weak Reference
    _clock_init                               - Undefined Weak Reference
    _fp_trap_init                             - Undefined Weak Reference
    _fp_trap_shutdown                         - Undefined Weak Reference
    _get_lc_collate                           - Undefined Weak Reference
    _get_lc_ctype                             - Undefined Weak Reference
    _get_lc_monetary                          - Undefined Weak Reference
    _get_lc_time                              - Undefined Weak Reference
    _getenv_init                              - Undefined Weak Reference
    _handle_redirection                       - Undefined Weak Reference
    _init_alloc                               - Undefined Weak Reference
    _init_user_alloc                          - Undefined Weak Reference
    _initio                                   - Undefined Weak Reference
    _printf_mbtowc                            - Undefined Weak Reference
    _printf_post_padding                      - Undefined Weak Reference
    _printf_pre_padding                       - Undefined Weak Reference
    _printf_truncate_signed                   - Undefined Weak Reference
    _printf_truncate_unsigned                 - Undefined Weak Reference
    _rand_init                                - Undefined Weak Reference
    _signal_finish                            - Undefined Weak Reference
    _signal_init                              - Undefined Weak Reference
    _terminate_alloc                          - Undefined Weak Reference
    _terminate_user_alloc                     - Undefined Weak Reference
    _terminateio                              - Undefined Weak Reference
    __Vectors_Size                           0x000000ec   Number         0  startup_stm32f103xb.o ABSOLUTE
    __Vectors                                0x08000000   Data           4  startup_stm32f103xb.o(RESET)
    __Vectors_End                            0x080000ec   Data           0  startup_stm32f103xb.o(RESET)
    __main                                   0x080000ed   Thumb Code     8  __main.o(!!!main)
    __scatterload                            0x080000f5   Thumb Code     0  __scatter.o(!!!scatter)
    __scatterload_rt2                        0x080000f5   Thumb Code    44  __scatter.o(!!!scatter)
    __scatterload_rt2_thumb_only             0x080000f5   Thumb Code     0  __scatter.o(!!!scatter)
    __scatterload_null                       0x08000103   Thumb Code     0  __scatter.o(!!!scatter)
    __scatterload_copy                       0x08000129   Thumb Code    26  __scatter_copy.o(!!handler_copy)
    __scatterload_zeroinit                   0x08000145   Thumb Code    28  __scatter_zi.o(!!handler_zi)
    _printf_f                                0x08000161   Thumb Code     0  _printf_f.o(.ARM.Collect$$_printf_percent$$00000003)
    _printf_percent                          0x08000161   Thumb Code     0  _printf_percent.o(.ARM.Collect$$_printf_percent$$00000000)
    _printf_d                                0x08000167   Thumb Code     0  _printf_d.o(.ARM.Collect$$_printf_percent$$00000009)
    _printf_s                                0x0800016d   Thumb Code     0  _printf_s.o(.ARM.Collect$$_printf_percent$$00000014)
    _printf_percent_end                      0x08000173   Thumb Code     0  _printf_percent_end.o(.ARM.Collect$$_printf_percent$$00000017)
    __rt_lib_init                            0x08000177   Thumb Code     0  libinit.o(.ARM.Collect$$libinit$$00000000)
    __rt_lib_init_fp_1                       0x08000179   Thumb Code     0  libinit2.o(.ARM.Collect$$libinit$$00000002)
    __rt_lib_init_heap_1                     0x08000179   Thumb Code     0  libinit2.o(.ARM.Collect$$libinit$$0000000A)
    __rt_lib_init_lc_common                  0x08000179   Thumb Code     0  libinit2.o(.ARM.Collect$$libinit$$0000000F)
    __rt_lib_init_preinit_1                  0x08000179   Thumb Code     0  libinit2.o(.ARM.Collect$$libinit$$00000004)
    __rt_lib_init_rand_1                     0x08000179   Thumb Code     0  libinit2.o(.ARM.Collect$$libinit$$0000000E)
    __rt_lib_init_user_alloc_1               0x08000179   Thumb Code     0  libinit2.o(.ARM.Collect$$libinit$$0000000C)
    __rt_lib_init_lc_collate_1               0x0800017f   Thumb Code     0  libinit2.o(.ARM.Collect$$libinit$$00000011)
    __rt_lib_init_lc_ctype_1                 0x0800017f   Thumb Code     0  libinit2.o(.ARM.Collect$$libinit$$00000013)
    __rt_lib_init_lc_monetary_1              0x0800017f   Thumb Code     0  libinit2.o(.ARM.Collect$$libinit$$00000015)
    __rt_lib_init_lc_numeric_2               0x0800017f   Thumb Code     0  libinit2.o(.ARM.Collect$$libinit$$00000016)
    __rt_lib_init_alloca_1                   0x08000189   Thumb Code     0  libinit2.o(.ARM.Collect$$libinit$$0000002E)
    __rt_lib_init_argv_1                     0x08000189   Thumb Code     0  libinit2.o(.ARM.Collect$$libinit$$0000002C)
    __rt_lib_init_atexit_1                   0x08000189   Thumb Code     0  libinit2.o(.ARM.Collect$$libinit$$0000001B)
    __rt_lib_init_clock_1                    0x08000189   Thumb Code     0  libinit2.o(.ARM.Collect$$libinit$$00000021)
    __rt_lib_init_cpp_1                      0x08000189   Thumb Code     0  libinit2.o(.ARM.Collect$$libinit$$00000032)
    __rt_lib_init_exceptions_1               0x08000189   Thumb Code     0  libinit2.o(.ARM.Collect$$libinit$$00000030)
    __rt_lib_init_fp_trap_1                  0x08000189   Thumb Code     0  libinit2.o(.ARM.Collect$$libinit$$0000001F)
    __rt_lib_init_getenv_1                   0x08000189   Thumb Code     0  libinit2.o(.ARM.Collect$$libinit$$00000023)
    __rt_lib_init_lc_numeric_1               0x08000189   Thumb Code     0  libinit2.o(.ARM.Collect$$libinit$$00000017)
    __rt_lib_init_lc_time_1                  0x08000189   Thumb Code     0  libinit2.o(.ARM.Collect$$libinit$$00000019)
    __rt_lib_init_return                     0x08000189   Thumb Code     0  libinit2.o(.ARM.Collect$$libinit$$00000033)
    __rt_lib_init_signal_1                   0x08000189   Thumb Code     0  libinit2.o(.ARM.Collect$$libinit$$0000001D)
    __rt_lib_init_stdio_1                    0x08000189   Thumb Code     0  libinit2.o(.ARM.Collect$$libinit$$00000025)
    __rt_lib_shutdown                        0x0800018b   Thumb Code     0  libshutdown.o(.ARM.Collect$$libshutdown$$00000000)
    __rt_lib_shutdown_cpp_1                  0x0800018d   Thumb Code     0  libshutdown2.o(.ARM.Collect$$libshutdown$$00000002)
    __rt_lib_shutdown_fp_trap_1              0x0800018d   Thumb Code     0  libshutdown2.o(.ARM.Collect$$libshutdown$$00000007)
    __rt_lib_shutdown_heap_1                 0x0800018d   Thumb Code     0  libshutdown2.o(.ARM.Collect$$libshutdown$$0000000F)
    __rt_lib_shutdown_return                 0x0800018d   Thumb Code     0  libshutdown2.o(.ARM.Collect$$libshutdown$$00000010)
    __rt_lib_shutdown_signal_1               0x0800018d   Thumb Code     0  libshutdown2.o(.ARM.Collect$$libshutdown$$0000000A)
    __rt_lib_shutdown_stdio_1                0x0800018d   Thumb Code     0  libshutdown2.o(.ARM.Collect$$libshutdown$$00000004)
    __rt_lib_shutdown_user_alloc_1           0x0800018d   Thumb Code     0  libshutdown2.o(.ARM.Collect$$libshutdown$$0000000C)
    __rt_entry                               0x0800018f   Thumb Code     0  __rtentry.o(.ARM.Collect$$rtentry$$00000000)
    __rt_entry_presh_1                       0x0800018f   Thumb Code     0  __rtentry2.o(.ARM.Collect$$rtentry$$00000002)
    __rt_entry_sh                            0x0800018f   Thumb Code     0  __rtentry4.o(.ARM.Collect$$rtentry$$00000004)
    __rt_entry_li                            0x08000195   Thumb Code     0  __rtentry2.o(.ARM.Collect$$rtentry$$0000000A)
    __rt_entry_postsh_1                      0x08000195   Thumb Code     0  __rtentry2.o(.ARM.Collect$$rtentry$$00000009)
    __rt_entry_main                          0x08000199   Thumb Code     0  __rtentry2.o(.ARM.Collect$$rtentry$$0000000D)
    __rt_entry_postli_1                      0x08000199   Thumb Code     0  __rtentry2.o(.ARM.Collect$$rtentry$$0000000C)
    __rt_exit                                0x080001a1   Thumb Code     0  rtexit.o(.ARM.Collect$$rtexit$$00000000)
    __rt_exit_ls                             0x080001a3   Thumb Code     0  rtexit2.o(.ARM.Collect$$rtexit$$00000003)
    __rt_exit_prels_1                        0x080001a3   Thumb Code     0  rtexit2.o(.ARM.Collect$$rtexit$$00000002)
    __rt_exit_exit                           0x080001a7   Thumb Code     0  rtexit2.o(.ARM.Collect$$rtexit$$00000004)
    Reset_Handler                            0x080001ad   Thumb Code     8  startup_stm32f103xb.o(.text)
    ADC1_2_IRQHandler                        0x080001c7   Thumb Code     0  startup_stm32f103xb.o(.text)
    CAN1_RX1_IRQHandler                      0x080001c7   Thumb Code     0  startup_stm32f103xb.o(.text)
    CAN1_SCE_IRQHandler                      0x080001c7   Thumb Code     0  startup_stm32f103xb.o(.text)
    DMA1_Channel1_IRQHandler                 0x080001c7   Thumb Code     0  startup_stm32f103xb.o(.text)
    DMA1_Channel2_IRQHandler                 0x080001c7   Thumb Code     0  startup_stm32f103xb.o(.text)
    DMA1_Channel3_IRQHandler                 0x080001c7   Thumb Code     0  startup_stm32f103xb.o(.text)
    DMA1_Channel4_IRQHandler                 0x080001c7   Thumb Code     0  startup_stm32f103xb.o(.text)
    DMA1_Channel5_IRQHandler                 0x080001c7   Thumb Code     0  startup_stm32f103xb.o(.text)
    DMA1_Channel6_IRQHandler                 0x080001c7   Thumb Code     0  startup_stm32f103xb.o(.text)
    DMA1_Channel7_IRQHandler                 0x080001c7   Thumb Code     0  startup_stm32f103xb.o(.text)
    EXTI15_10_IRQHandler                     0x080001c7   Thumb Code     0  startup_stm32f103xb.o(.text)
    EXTI2_IRQHandler                         0x080001c7   Thumb Code     0  startup_stm32f103xb.o(.text)
    EXTI3_IRQHandler                         0x080001c7   Thumb Code     0  startup_stm32f103xb.o(.text)
    EXTI4_IRQHandler                         0x080001c7   Thumb Code     0  startup_stm32f103xb.o(.text)
    EXTI9_5_IRQHandler                       0x080001c7   Thumb Code     0  startup_stm32f103xb.o(.text)
    FLASH_IRQHandler                         0x080001c7   Thumb Code     0  startup_stm32f103xb.o(.text)
    I2C1_ER_IRQHandler                       0x080001c7   Thumb Code     0  startup_stm32f103xb.o(.text)
    I2C1_EV_IRQHandler                       0x080001c7   Thumb Code     0  startup_stm32f103xb.o(.text)
    I2C2_ER_IRQHandler                       0x080001c7   Thumb Code     0  startup_stm32f103xb.o(.text)
    I2C2_EV_IRQHandler                       0x080001c7   Thumb Code     0  startup_stm32f103xb.o(.text)
    PVD_IRQHandler                           0x080001c7   Thumb Code     0  startup_stm32f103xb.o(.text)
    RCC_IRQHandler                           0x080001c7   Thumb Code     0  startup_stm32f103xb.o(.text)
    RTC_Alarm_IRQHandler                     0x080001c7   Thumb Code     0  startup_stm32f103xb.o(.text)
    RTC_IRQHandler                           0x080001c7   Thumb Code     0  startup_stm32f103xb.o(.text)
    SPI1_IRQHandler                          0x080001c7   Thumb Code     0  startup_stm32f103xb.o(.text)
    SPI2_IRQHandler                          0x080001c7   Thumb Code     0  startup_stm32f103xb.o(.text)
    TAMPER_IRQHandler                        0x080001c7   Thumb Code     0  startup_stm32f103xb.o(.text)
    TIM1_BRK_IRQHandler                      0x080001c7   Thumb Code     0  startup_stm32f103xb.o(.text)
    TIM1_CC_IRQHandler                       0x080001c7   Thumb Code     0  startup_stm32f103xb.o(.text)
    TIM1_TRG_COM_IRQHandler                  0x080001c7   Thumb Code     0  startup_stm32f103xb.o(.text)
    TIM1_UP_IRQHandler                       0x080001c7   Thumb Code     0  startup_stm32f103xb.o(.text)
    TIM3_IRQHandler                          0x080001c7   Thumb Code     0  startup_stm32f103xb.o(.text)
    USART2_IRQHandler                        0x080001c7   Thumb Code     0  startup_stm32f103xb.o(.text)
    USART3_IRQHandler                        0x080001c7   Thumb Code     0  startup_stm32f103xb.o(.text)
    USBWakeUp_IRQHandler                     0x080001c7   Thumb Code     0  startup_stm32f103xb.o(.text)
    USB_HP_CAN1_TX_IRQHandler                0x080001c7   Thumb Code     0  startup_stm32f103xb.o(.text)
    USB_LP_CAN1_RX0_IRQHandler               0x080001c7   Thumb Code     0  startup_stm32f103xb.o(.text)
    WWDG_IRQHandler                          0x080001c7   Thumb Code     0  startup_stm32f103xb.o(.text)
    __user_initial_stackheap                 0x080001c9   Thumb Code     0  startup_stm32f103xb.o(.text)
    __2sprintf                               0x080001ed   Thumb Code    34  noretval__2sprintf.o(.text)
    _printf_str                              0x08000215   Thumb Code    82  _printf_str.o(.text)
    _printf_int_dec                          0x08000269   Thumb Code   104  _printf_dec.o(.text)
    __printf                                 0x080002e1   Thumb Code   270  __printf_wp.o(.text)
    strstr                                   0x080003ef   Thumb Code    36  strstr.o(.text)
    strcpy                                   0x08000413   Thumb Code    72  strcpy.o(.text)
    strlen                                   0x0800045b   Thumb Code    62  strlen.o(.text)
    __aeabi_memcpy4                          0x08000499   Thumb Code     0  rt_memcpy_w.o(.text)
    __aeabi_memcpy8                          0x08000499   Thumb Code     0  rt_memcpy_w.o(.text)
    __rt_memcpy_w                            0x08000499   Thumb Code   100  rt_memcpy_w.o(.text)
    _memcpy_lastbytes_aligned                0x080004e1   Thumb Code     0  rt_memcpy_w.o(.text)
    __aeabi_memclr4                          0x080004fd   Thumb Code     0  rt_memclr_w.o(.text)
    __aeabi_memclr8                          0x080004fd   Thumb Code     0  rt_memclr_w.o(.text)
    __rt_memclr_w                            0x080004fd   Thumb Code    78  rt_memclr_w.o(.text)
    _memset_w                                0x08000501   Thumb Code     0  rt_memclr_w.o(.text)
    __use_two_region_memory                  0x0800054b   Thumb Code     2  heapauxi.o(.text)
    __rt_heap_escrow$2region                 0x0800054d   Thumb Code     2  heapauxi.o(.text)
    __rt_heap_expand$2region                 0x0800054f   Thumb Code     2  heapauxi.o(.text)
    _printf_int_common                       0x08000551   Thumb Code   178  _printf_intcommon.o(.text)
    __lib_sel_fp_printf                      0x08000603   Thumb Code     2  _printf_fp_dec.o(.text)
    _printf_fp_dec_real                      0x080007b5   Thumb Code   620  _printf_fp_dec.o(.text)
    _printf_char_common                      0x08000a2b   Thumb Code    32  _printf_char_common.o(.text)
    _sputc                                   0x08000a51   Thumb Code    10  _sputc.o(.text)
    _printf_cs_common                        0x08000a5b   Thumb Code    20  _printf_char.o(.text)
    _printf_char                             0x08000a6f   Thumb Code    16  _printf_char.o(.text)
    _printf_string                           0x08000a7f   Thumb Code     8  _printf_char.o(.text)
    __rt_locale                              0x08000a89   Thumb Code     8  rt_locale_intlibspace.o(.text)
    _ll_udiv10                               0x08000a91   Thumb Code   138  lludiv10.o(.text)
    _printf_fp_infnan                        0x08000b1d   Thumb Code   112  _printf_fp_infnan.o(.text)
    _btod_etento                             0x08000b9d   Thumb Code   224  bigflt0.o(.text)
    __user_libspace                          0x08000c81   Thumb Code     8  libspace.o(.text)
    __user_perproc_libspace                  0x08000c81   Thumb Code     0  libspace.o(.text)
    __user_perthread_libspace                0x08000c81   Thumb Code     0  libspace.o(.text)
    __user_setup_stackheap                   0x08000c89   Thumb Code    74  sys_stackheap_outer.o(.text)
    exit                                     0x08000cd3   Thumb Code    18  exit.o(.text)
    strcmp                                   0x08000ce5   Thumb Code   128  strcmpv7m.o(.text)
    _sys_exit                                0x08000d65   Thumb Code     8  sys_exit.o(.text)
    __I$use$semihosting                      0x08000d71   Thumb Code     0  use_no_semi.o(.text)
    __use_no_semihosting_swi                 0x08000d71   Thumb Code     2  use_no_semi.o(.text)
    __semihosting_library_function           0x08000d73   Thumb Code     0  indicate_semi.o(.text)
    _btod_d2e                                0x08000d73   Thumb Code    62  btod.o(CL$$btod_d2e)
    _d2e_denorm_low                          0x08000db1   Thumb Code    70  btod.o(CL$$btod_d2e_denorm_low)
    _d2e_norm_op1                            0x08000df7   Thumb Code    96  btod.o(CL$$btod_d2e_norm_op1)
    __btod_div_common                        0x08000e57   Thumb Code   696  btod.o(CL$$btod_div_common)
    _e2e                                     0x0800118f   Thumb Code   220  btod.o(CL$$btod_e2e)
    _btod_ediv                               0x0800126b   Thumb Code    42  btod.o(CL$$btod_ediv)
    _btod_emul                               0x08001295   Thumb Code    42  btod.o(CL$$btod_emul)
    __btod_mult_common                       0x080012bf   Thumb Code   580  btod.o(CL$$btod_mult_common)
    BusFault_Handler                         0x08001503   Thumb Code     2  stm32f1xx_it.o(i.BusFault_Handler)
    DHT11_Check                              0x08001505   Thumb Code    88  dht11.o(i.DHT11_Check)
    DHT11_IO_IN                              0x0800155d   Thumb Code    20  dht11.o(i.DHT11_IO_IN)
    DHT11_IO_OUT                             0x08001571   Thumb Code    20  dht11.o(i.DHT11_IO_OUT)
    DHT11_Read_Bit                           0x08001585   Thumb Code    86  dht11.o(i.DHT11_Read_Bit)
    DHT11_Read_Byte                          0x080015db   Thumb Code    38  dht11.o(i.DHT11_Read_Byte)
    DHT11_Read_Data                          0x08001601   Thumb Code    94  dht11.o(i.DHT11_Read_Data)
    DHT11_Rst                                0x0800165f   Thumb Code    46  dht11.o(i.DHT11_Rst)
    DebugMon_Handler                         0x0800168d   Thumb Code     2  stm32f1xx_it.o(i.DebugMon_Handler)
    EXTI0_IRQHandler                         0x08001691   Thumb Code    36  stm32f1xx_it.o(i.EXTI0_IRQHandler)
    EXTI1_IRQHandler                         0x080016c5   Thumb Code    42  stm32f1xx_it.o(i.EXTI1_IRQHandler)
    Error_Handler                            0x08001709   Thumb Code     4  main.o(i.Error_Handler)
    HAL_DMA_Abort                            0x0800170d   Thumb Code    70  stm32f1xx_hal_dma.o(i.HAL_DMA_Abort)
    HAL_DMA_Abort_IT                         0x08001755   Thumb Code   148  stm32f1xx_hal_dma.o(i.HAL_DMA_Abort_IT)
    HAL_Delay                                0x080017ed   Thumb Code    32  stm32f1xx_hal.o(i.HAL_Delay)
    HAL_GPIO_EXTI_Callback                   0x08001811   Thumb Code     2  stm32f1xx_hal_gpio.o(i.HAL_GPIO_EXTI_Callback)
    HAL_GPIO_EXTI_IRQHandler                 0x08001815   Thumb Code    18  stm32f1xx_hal_gpio.o(i.HAL_GPIO_EXTI_IRQHandler)
    HAL_GPIO_Init                            0x0800182d   Thumb Code   446  stm32f1xx_hal_gpio.o(i.HAL_GPIO_Init)
    HAL_GPIO_ReadPin                         0x08001a0d   Thumb Code    10  stm32f1xx_hal_gpio.o(i.HAL_GPIO_ReadPin)
    HAL_GPIO_WritePin                        0x08001a17   Thumb Code    10  stm32f1xx_hal_gpio.o(i.HAL_GPIO_WritePin)
    HAL_GetTick                              0x08001a21   Thumb Code     6  stm32f1xx_hal.o(i.HAL_GetTick)
    HAL_IncTick                              0x08001a2d   Thumb Code    12  stm32f1xx_hal.o(i.HAL_IncTick)
    HAL_Init                                 0x08001a3d   Thumb Code    32  stm32f1xx_hal.o(i.HAL_Init)
    HAL_InitTick                             0x08001a61   Thumb Code    54  stm32f1xx_hal.o(i.HAL_InitTick)
    HAL_MspInit                              0x08001aa1   Thumb Code    52  stm32f1xx_hal_msp.o(i.HAL_MspInit)
    HAL_NVIC_EnableIRQ                       0x08001add   Thumb Code    26  stm32f1xx_hal_cortex.o(i.HAL_NVIC_EnableIRQ)
    HAL_NVIC_SetPriority                     0x08001af9   Thumb Code    60  stm32f1xx_hal_cortex.o(i.HAL_NVIC_SetPriority)
    HAL_NVIC_SetPriorityGrouping             0x08001b39   Thumb Code    26  stm32f1xx_hal_cortex.o(i.HAL_NVIC_SetPriorityGrouping)
    HAL_RCC_ClockConfig                      0x08001b5d   Thumb Code   280  stm32f1xx_hal_rcc.o(i.HAL_RCC_ClockConfig)
    HAL_RCC_GetPCLK1Freq                     0x08001c89   Thumb Code    20  stm32f1xx_hal_rcc.o(i.HAL_RCC_GetPCLK1Freq)
    HAL_RCC_GetPCLK2Freq                     0x08001ca9   Thumb Code    20  stm32f1xx_hal_rcc.o(i.HAL_RCC_GetPCLK2Freq)
    HAL_RCC_GetSysClockFreq                  0x08001cc9   Thumb Code    58  stm32f1xx_hal_rcc.o(i.HAL_RCC_GetSysClockFreq)
    HAL_RCC_OscConfig                        0x08001d15   Thumb Code   778  stm32f1xx_hal_rcc.o(i.HAL_RCC_OscConfig)
    HAL_SYSTICK_Config                       0x08002035   Thumb Code    40  stm32f1xx_hal_cortex.o(i.HAL_SYSTICK_Config)
    HAL_TIMEx_BreakCallback                  0x0800205d   Thumb Code     2  stm32f1xx_hal_tim_ex.o(i.HAL_TIMEx_BreakCallback)
    HAL_TIMEx_CommutCallback                 0x0800205f   Thumb Code     2  stm32f1xx_hal_tim_ex.o(i.HAL_TIMEx_CommutCallback)
    HAL_TIMEx_ConfigBreakDeadTime            0x08002061   Thumb Code    84  stm32f1xx_hal_tim_ex.o(i.HAL_TIMEx_ConfigBreakDeadTime)
    HAL_TIMEx_MasterConfigSynchronization    0x080020b5   Thumb Code    92  stm32f1xx_hal_tim_ex.o(i.HAL_TIMEx_MasterConfigSynchronization)
    HAL_TIM_Base_Init                        0x0800211d   Thumb Code    90  stm32f1xx_hal_tim.o(i.HAL_TIM_Base_Init)
    HAL_TIM_Base_MspInit                     0x08002179   Thumb Code   148  tim.o(i.HAL_TIM_Base_MspInit)
    HAL_TIM_Base_Start_IT                    0x0800221d   Thumb Code    76  stm32f1xx_hal_tim.o(i.HAL_TIM_Base_Start_IT)
    HAL_TIM_ConfigClockSource                0x08002275   Thumb Code   220  stm32f1xx_hal_tim.o(i.HAL_TIM_ConfigClockSource)
    HAL_TIM_IC_CaptureCallback               0x08002351   Thumb Code     2  stm32f1xx_hal_tim.o(i.HAL_TIM_IC_CaptureCallback)
    HAL_TIM_IC_ConfigChannel                 0x08002353   Thumb Code   292  stm32f1xx_hal_tim.o(i.HAL_TIM_IC_ConfigChannel)
    HAL_TIM_IC_Init                          0x08002477   Thumb Code    90  stm32f1xx_hal_tim.o(i.HAL_TIM_IC_Init)
    HAL_TIM_IC_MspInit                       0x080024d1   Thumb Code     2  stm32f1xx_hal_tim.o(i.HAL_TIM_IC_MspInit)
    HAL_TIM_IC_Start_IT                      0x080024d5   Thumb Code   216  stm32f1xx_hal_tim.o(i.HAL_TIM_IC_Start_IT)
    HAL_TIM_IRQHandler                       0x080025b9   Thumb Code   304  stm32f1xx_hal_tim.o(i.HAL_TIM_IRQHandler)
    HAL_TIM_MspPostInit                      0x080026e9   Thumb Code    64  tim.o(i.HAL_TIM_MspPostInit)
    HAL_TIM_OC_DelayElapsedCallback          0x08002735   Thumb Code     2  stm32f1xx_hal_tim.o(i.HAL_TIM_OC_DelayElapsedCallback)
    HAL_TIM_PWM_ConfigChannel                0x08002737   Thumb Code   204  stm32f1xx_hal_tim.o(i.HAL_TIM_PWM_ConfigChannel)
    HAL_TIM_PWM_Init                         0x08002803   Thumb Code    90  stm32f1xx_hal_tim.o(i.HAL_TIM_PWM_Init)
    HAL_TIM_PWM_MspInit                      0x0800285d   Thumb Code     2  stm32f1xx_hal_tim.o(i.HAL_TIM_PWM_MspInit)
    HAL_TIM_PWM_PulseFinishedCallback        0x0800285f   Thumb Code     2  stm32f1xx_hal_tim.o(i.HAL_TIM_PWM_PulseFinishedCallback)
    HAL_TIM_PWM_Start                        0x08002861   Thumb Code   144  stm32f1xx_hal_tim.o(i.HAL_TIM_PWM_Start)
    HAL_TIM_PeriodElapsedCallback            0x080028fd   Thumb Code    28  main.o(i.HAL_TIM_PeriodElapsedCallback)
    HAL_TIM_ReadCapturedValue                0x08002921   Thumb Code    42  stm32f1xx_hal_tim.o(i.HAL_TIM_ReadCapturedValue)
    HAL_TIM_TriggerCallback                  0x0800294b   Thumb Code     2  stm32f1xx_hal_tim.o(i.HAL_TIM_TriggerCallback)
    HAL_UARTEx_RxEventCallback               0x0800294d   Thumb Code     2  stm32f1xx_hal_uart.o(i.HAL_UARTEx_RxEventCallback)
    HAL_UART_ErrorCallback                   0x0800294f   Thumb Code     2  stm32f1xx_hal_uart.o(i.HAL_UART_ErrorCallback)
    HAL_UART_IRQHandler                      0x08002951   Thumb Code   616  stm32f1xx_hal_uart.o(i.HAL_UART_IRQHandler)
    HAL_UART_Init                            0x08002bbd   Thumb Code   100  stm32f1xx_hal_uart.o(i.HAL_UART_Init)
    HAL_UART_MspInit                         0x08002c21   Thumb Code   186  usart.o(i.HAL_UART_MspInit)
    HAL_UART_RxCpltCallback                  0x08002ced   Thumb Code     2  stm32f1xx_hal_uart.o(i.HAL_UART_RxCpltCallback)
    HAL_UART_Transmit                        0x08002cef   Thumb Code   160  stm32f1xx_hal_uart.o(i.HAL_UART_Transmit)
    HAL_UART_TxCpltCallback                  0x08002d8f   Thumb Code     2  stm32f1xx_hal_uart.o(i.HAL_UART_TxCpltCallback)
    HardFault_Handler                        0x08002d91   Thumb Code     2  stm32f1xx_it.o(i.HardFault_Handler)
    Key_Process                              0x08002d95   Thumb Code   136  main.o(i.Key_Process)
    Key_Trigger                              0x08002e29   Thumb Code    34  main.o(i.Key_Trigger)
    MX_GPIO_Init                             0x08002e51   Thumb Code   232  gpio.o(i.MX_GPIO_Init)
    MX_TIM1_Init                             0x08002f4d   Thumb Code   214  tim.o(i.MX_TIM1_Init)
    MX_TIM2_Init                             0x0800302d   Thumb Code    98  tim.o(i.MX_TIM2_Init)
    MX_TIM4_Init                             0x08003095   Thumb Code   156  tim.o(i.MX_TIM4_Init)
    MX_USART1_UART_Init                      0x08003139   Thumb Code    48  usart.o(i.MX_USART1_UART_Init)
    MX_USART2_UART_Init                      0x08003171   Thumb Code    48  usart.o(i.MX_USART2_UART_Init)
    MemManage_Handler                        0x080031a9   Thumb Code     2  stm32f1xx_it.o(i.MemManage_Handler)
    NMI_Handler                              0x080031ab   Thumb Code     2  stm32f1xx_it.o(i.NMI_Handler)
    PendSV_Handler                           0x080031ad   Thumb Code     2  stm32f1xx_it.o(i.PendSV_Handler)
    STM32_To_ESP8266                         0x080031b1   Thumb Code    82  usart.o(i.STM32_To_ESP8266)
    SVC_Handler                              0x08003225   Thumb Code     2  stm32f1xx_it.o(i.SVC_Handler)
    SysTick_Handler                          0x08003227   Thumb Code     4  stm32f1xx_it.o(i.SysTick_Handler)
    SystemClock_Config                       0x0800322b   Thumb Code    94  main.o(i.SystemClock_Config)
    SystemInit                               0x08003289   Thumb Code     2  system_stm32f1xx.o(i.SystemInit)
    TIM2_IRQHandler                          0x0800328d   Thumb Code     6  stm32f1xx_it.o(i.TIM2_IRQHandler)
    TIM4_IRQHandler                          0x08003299   Thumb Code   150  stm32f1xx_it.o(i.TIM4_IRQHandler)
    TIM_Base_SetConfig                       0x08003341   Thumb Code   108  stm32f1xx_hal_tim.o(i.TIM_Base_SetConfig)
    TIM_CCxChannelCmd                        0x080033b9   Thumb Code    26  stm32f1xx_hal_tim.o(i.TIM_CCxChannelCmd)
    TIM_ETR_SetConfig                        0x080033d3   Thumb Code    20  stm32f1xx_hal_tim.o(i.TIM_ETR_SetConfig)
    TIM_OC2_SetConfig                        0x08003449   Thumb Code    84  stm32f1xx_hal_tim.o(i.TIM_OC2_SetConfig)
    TIM_TI1_SetConfig                        0x08003561   Thumb Code    76  stm32f1xx_hal_tim.o(i.TIM_TI1_SetConfig)
    USART1_IRQHandler                        0x08003861   Thumb Code    76  stm32f1xx_it.o(i.USART1_IRQHandler)
    Ultrasonic_Calc_Distance                 0x080038bd   Thumb Code   204  main.o(i.Ultrasonic_Calc_Distance)
    Ultrasonic_NonBlocking_Read              0x0800399d   Thumb Code    50  main.o(i.Ultrasonic_NonBlocking_Read)
    Ultrasonic_Trigger                       0x080039d5   Thumb Code    70  main.o(i.Ultrasonic_Trigger)
    UsageFault_Handler                       0x08003a21   Thumb Code     2  stm32f1xx_it.o(i.UsageFault_Handler)
    __ARM_fpclassify                         0x08003a23   Thumb Code    40  fpclassify.o(i.__ARM_fpclassify)
    _is_digit                                0x08003a6b   Thumb Code    14  __printf_wp.o(i._is_digit)
    delay_us                                 0x08003a79   Thumb Code    46  main.o(i.delay_us)
    main                                     0x08003ab1   Thumb Code   460  main.o(i.main)
    _get_lc_numeric                          0x08003d09   Thumb Code    44  lc_numeric_c.o(locale$$code)
    __aeabi_d2f                              0x08003d35   Thumb Code     0  d2f.o(x$fpl$d2f)
    _d2f                                     0x08003d35   Thumb Code    98  d2f.o(x$fpl$d2f)
    __aeabi_dadd                             0x08003d99   Thumb Code     0  daddsub_clz.o(x$fpl$dadd)
    _dadd                                    0x08003d99   Thumb Code   332  daddsub_clz.o(x$fpl$dadd)
    __aeabi_d2iz                             0x08003ee9   Thumb Code     0  dfix.o(x$fpl$dfix)
    _dfix                                    0x08003ee9   Thumb Code    94  dfix.o(x$fpl$dfix)
    __aeabi_ui2d                             0x08003f47   Thumb Code     0  dflt_clz.o(x$fpl$dfltu)
    _dfltu                                   0x08003f47   Thumb Code    38  dflt_clz.o(x$fpl$dfltu)
    __aeabi_dmul                             0x08003f6d   Thumb Code     0  dmul.o(x$fpl$dmul)
    _dmul                                    0x08003f6d   Thumb Code   332  dmul.o(x$fpl$dmul)
    __fpl_dnaninf                            0x080040c1   Thumb Code   156  dnaninf.o(x$fpl$dnaninf)
    __fpl_dretinf                            0x0800415d   Thumb Code    12  dretinf.o(x$fpl$dretinf)
    __aeabi_dsub                             0x08004169   Thumb Code     0  daddsub_clz.o(x$fpl$dsub)
    _dsub                                    0x08004169   Thumb Code   464  daddsub_clz.o(x$fpl$dsub)
    __aeabi_f2d                              0x0800433d   Thumb Code     0  f2d.o(x$fpl$f2d)
    _f2d                                     0x0800433d   Thumb Code    86  f2d.o(x$fpl$f2d)
    __aeabi_fdiv                             0x08004395   Thumb Code     0  fdiv.o(x$fpl$fdiv)
    _fdiv                                    0x08004395   Thumb Code   384  fdiv.o(x$fpl$fdiv)
    __aeabi_i2f                              0x08004519   Thumb Code     0  fflt_clz.o(x$fpl$fflt)
    _fflt                                    0x08004519   Thumb Code    48  fflt_clz.o(x$fpl$fflt)
    __aeabi_ui2f                             0x08004549   Thumb Code     0  fflt_clz.o(x$fpl$ffltu)
    _ffltu                                   0x08004549   Thumb Code    38  fflt_clz.o(x$fpl$ffltu)
    __aeabi_fmul                             0x08004571   Thumb Code     0  fmul.o(x$fpl$fmul)
    _fmul                                    0x08004571   Thumb Code   258  fmul.o(x$fpl$fmul)
    __fpl_fnaninf                            0x08004673   Thumb Code   140  fnaninf.o(x$fpl$fnaninf)
    __fpl_fretinf                            0x080046ff   Thumb Code    10  fretinf.o(x$fpl$fretinf)
    _printf_fp_dec                           0x08004709   Thumb Code     4  printf1.o(x$fpl$printf1)
    __I$use$fp                               0x0800470c   Number         0  usenofp.o(x$fpl$usenofp)
    AHBPrescTable                            0x0800471e   Data          16  system_stm32f1xx.o(.constdata)
    APBPrescTable                            0x0800472e   Data           8  system_stm32f1xx.o(.constdata)
    Region$$Table$$Base                      0x080047cc   Number         0  anon$$obj.o(Region$$Table)
    Region$$Table$$Limit                     0x080047ec   Number         0  anon$$obj.o(Region$$Table)
    esp_send_flag                            0x20000000   Data           1  main.o(.data)
    uart1RxState                             0x20000001   Data           1  main.o(.data)
    lid1_state                               0x20000002   Data           1  main.o(.data)
    lid2_state                               0x20000003   Data           1  main.o(.data)
    temp1                                    0x20000006   Data           1  main.o(.data)
    humi1                                    0x20000007   Data           1  main.o(.data)
    temp2                                    0x20000008   Data           1  main.o(.data)
    humi2                                    0x20000009   Data           1  main.o(.data)
    uart1RxCounter                           0x2000000a   Data           2  main.o(.data)
    timer_count                              0x2000000c   Data           4  main.o(.data)
    uwTickFreq                               0x2000001c   Data           1  stm32f1xx_hal.o(.data)
    uwTickPrio                               0x20000020   Data           4  stm32f1xx_hal.o(.data)
    uwTick                                   0x20000024   Data           4  stm32f1xx_hal.o(.data)
    SystemCoreClock                          0x20000028   Data           4  system_stm32f1xx.o(.data)
    uart1RxBuff                              0x2000002c   Data         128  main.o(.bss)
    ultra1                                   0x200000ac   Data          16  main.o(.bss)
    ultra2                                   0x200000bc   Data          16  main.o(.bss)
    htim1                                    0x200000cc   Data          72  tim.o(.bss)
    htim2                                    0x20000114   Data          72  tim.o(.bss)
    htim4                                    0x2000015c   Data          72  tim.o(.bss)
    huart1                                   0x200001a4   Data          72  usart.o(.bss)
    huart2                                   0x200001ec   Data          72  usart.o(.bss)
    __libspace_start                         0x20000234   Data          96  libspace.o(.bss)
    __temporary_stack_top$libspace           0x20000294   Data           0  libspace.o(.bss)



==============================================================================

Memory Map of the image

  Image Entry point : 0x080000ed

  Load Region LR_IROM1 (Base: 0x08000000, Size: 0x00004834, Max: 0x00010000, ABSOLUTE)

    Execution Region ER_IROM1 (Exec base: 0x08000000, Load base: 0x08000000, Size: 0x00004808, Max: 0x00010000, ABSOLUTE)

    Exec Addr    Load Addr    Size         Type   Attr      Idx    E Section Name        Object

    0x08000000   0x08000000   0x000000ec   Data   RO            3    RESET               startup_stm32f103xb.o
    0x080000ec   0x080000ec   0x00000008   Code   RO         3055  * !!!main             c_w.l(__main.o)
    0x080000f4   0x080000f4   0x00000034   Code   RO         3313    !!!scatter          c_w.l(__scatter.o)
    0x08000128   0x08000128   0x0000001a   Code   RO         3315    !!handler_copy      c_w.l(__scatter_copy.o)
    0x08000142   0x08000142   0x00000002   PAD
    0x08000144   0x08000144   0x0000001c   Code   RO         3317    !!handler_zi        c_w.l(__scatter_zi.o)
    0x08000160   0x08000160   0x00000000   Code   RO         3042    .ARM.Collect$$_printf_percent$$00000000  c_w.l(_printf_percent.o)
    0x08000160   0x08000160   0x00000006   Code   RO         3041    .ARM.Collect$$_printf_percent$$00000003  c_w.l(_printf_f.o)
    0x08000166   0x08000166   0x00000006   Code   RO         3040    .ARM.Collect$$_printf_percent$$00000009  c_w.l(_printf_d.o)
    0x0800016c   0x0800016c   0x00000006   Code   RO         3039    .ARM.Collect$$_printf_percent$$00000014  c_w.l(_printf_s.o)
    0x08000172   0x08000172   0x00000004   Code   RO         3104    .ARM.Collect$$_printf_percent$$00000017  c_w.l(_printf_percent_end.o)
    0x08000176   0x08000176   0x00000002   Code   RO         3186    .ARM.Collect$$libinit$$00000000  c_w.l(libinit.o)
    0x08000178   0x08000178   0x00000000   Code   RO         3188    .ARM.Collect$$libinit$$00000002  c_w.l(libinit2.o)
    0x08000178   0x08000178   0x00000000   Code   RO         3190    .ARM.Collect$$libinit$$00000004  c_w.l(libinit2.o)
    0x08000178   0x08000178   0x00000000   Code   RO         3193    .ARM.Collect$$libinit$$0000000A  c_w.l(libinit2.o)
    0x08000178   0x08000178   0x00000000   Code   RO         3195    .ARM.Collect$$libinit$$0000000C  c_w.l(libinit2.o)
    0x08000178   0x08000178   0x00000000   Code   RO         3197    .ARM.Collect$$libinit$$0000000E  c_w.l(libinit2.o)
    0x08000178   0x08000178   0x00000006   Code   RO         3198    .ARM.Collect$$libinit$$0000000F  c_w.l(libinit2.o)
    0x0800017e   0x0800017e   0x00000000   Code   RO         3200    .ARM.Collect$$libinit$$00000011  c_w.l(libinit2.o)
    0x0800017e   0x0800017e   0x00000000   Code   RO         3202    .ARM.Collect$$libinit$$00000013  c_w.l(libinit2.o)
    0x0800017e   0x0800017e   0x00000000   Code   RO         3204    .ARM.Collect$$libinit$$00000015  c_w.l(libinit2.o)
    0x0800017e   0x0800017e   0x0000000a   Code   RO         3205    .ARM.Collect$$libinit$$00000016  c_w.l(libinit2.o)
    0x08000188   0x08000188   0x00000000   Code   RO         3206    .ARM.Collect$$libinit$$00000017  c_w.l(libinit2.o)
    0x08000188   0x08000188   0x00000000   Code   RO         3208    .ARM.Collect$$libinit$$00000019  c_w.l(libinit2.o)
    0x08000188   0x08000188   0x00000000   Code   RO         3210    .ARM.Collect$$libinit$$0000001B  c_w.l(libinit2.o)
    0x08000188   0x08000188   0x00000000   Code   RO         3212    .ARM.Collect$$libinit$$0000001D  c_w.l(libinit2.o)
    0x08000188   0x08000188   0x00000000   Code   RO         3214    .ARM.Collect$$libinit$$0000001F  c_w.l(libinit2.o)
    0x08000188   0x08000188   0x00000000   Code   RO         3216    .ARM.Collect$$libinit$$00000021  c_w.l(libinit2.o)
    0x08000188   0x08000188   0x00000000   Code   RO         3218    .ARM.Collect$$libinit$$00000023  c_w.l(libinit2.o)
    0x08000188   0x08000188   0x00000000   Code   RO         3220    .ARM.Collect$$libinit$$00000025  c_w.l(libinit2.o)
    0x08000188   0x08000188   0x00000000   Code   RO         3224    .ARM.Collect$$libinit$$0000002C  c_w.l(libinit2.o)
    0x08000188   0x08000188   0x00000000   Code   RO         3226    .ARM.Collect$$libinit$$0000002E  c_w.l(libinit2.o)
    0x08000188   0x08000188   0x00000000   Code   RO         3228    .ARM.Collect$$libinit$$00000030  c_w.l(libinit2.o)
    0x08000188   0x08000188   0x00000000   Code   RO         3230    .ARM.Collect$$libinit$$00000032  c_w.l(libinit2.o)
    0x08000188   0x08000188   0x00000002   Code   RO         3231    .ARM.Collect$$libinit$$00000033  c_w.l(libinit2.o)
    0x0800018a   0x0800018a   0x00000002   Code   RO         3261    .ARM.Collect$$libshutdown$$00000000  c_w.l(libshutdown.o)
    0x0800018c   0x0800018c   0x00000000   Code   RO         3272    .ARM.Collect$$libshutdown$$00000002  c_w.l(libshutdown2.o)
    0x0800018c   0x0800018c   0x00000000   Code   RO         3274    .ARM.Collect$$libshutdown$$00000004  c_w.l(libshutdown2.o)
    0x0800018c   0x0800018c   0x00000000   Code   RO         3277    .ARM.Collect$$libshutdown$$00000007  c_w.l(libshutdown2.o)
    0x0800018c   0x0800018c   0x00000000   Code   RO         3280    .ARM.Collect$$libshutdown$$0000000A  c_w.l(libshutdown2.o)
    0x0800018c   0x0800018c   0x00000000   Code   RO         3282    .ARM.Collect$$libshutdown$$0000000C  c_w.l(libshutdown2.o)
    0x0800018c   0x0800018c   0x00000000   Code   RO         3285    .ARM.Collect$$libshutdown$$0000000F  c_w.l(libshutdown2.o)
    0x0800018c   0x0800018c   0x00000002   Code   RO         3286    .ARM.Collect$$libshutdown$$00000010  c_w.l(libshutdown2.o)
    0x0800018e   0x0800018e   0x00000000   Code   RO         3093    .ARM.Collect$$rtentry$$00000000  c_w.l(__rtentry.o)
    0x0800018e   0x0800018e   0x00000000   Code   RO         3115    .ARM.Collect$$rtentry$$00000002  c_w.l(__rtentry2.o)
    0x0800018e   0x0800018e   0x00000006   Code   RO         3127    .ARM.Collect$$rtentry$$00000004  c_w.l(__rtentry4.o)
    0x08000194   0x08000194   0x00000000   Code   RO         3117    .ARM.Collect$$rtentry$$00000009  c_w.l(__rtentry2.o)
    0x08000194   0x08000194   0x00000004   Code   RO         3118    .ARM.Collect$$rtentry$$0000000A  c_w.l(__rtentry2.o)
    0x08000198   0x08000198   0x00000000   Code   RO         3120    .ARM.Collect$$rtentry$$0000000C  c_w.l(__rtentry2.o)
    0x08000198   0x08000198   0x00000008   Code   RO         3121    .ARM.Collect$$rtentry$$0000000D  c_w.l(__rtentry2.o)
    0x080001a0   0x080001a0   0x00000002   Code   RO         3232    .ARM.Collect$$rtexit$$00000000  c_w.l(rtexit.o)
    0x080001a2   0x080001a2   0x00000000   Code   RO         3239    .ARM.Collect$$rtexit$$00000002  c_w.l(rtexit2.o)
    0x080001a2   0x080001a2   0x00000004   Code   RO         3240    .ARM.Collect$$rtexit$$00000003  c_w.l(rtexit2.o)
    0x080001a6   0x080001a6   0x00000006   Code   RO         3241    .ARM.Collect$$rtexit$$00000004  c_w.l(rtexit2.o)
    0x080001ac   0x080001ac   0x00000040   Code   RO            4    .text               startup_stm32f103xb.o
    0x080001ec   0x080001ec   0x00000028   Code   RO         3011    .text               c_w.l(noretval__2sprintf.o)
    0x08000214   0x08000214   0x00000052   Code   RO         3015    .text               c_w.l(_printf_str.o)
    0x08000266   0x08000266   0x00000002   PAD
    0x08000268   0x08000268   0x00000078   Code   RO         3017    .text               c_w.l(_printf_dec.o)
    0x080002e0   0x080002e0   0x0000010e   Code   RO         3027    .text               c_w.l(__printf_wp.o)
    0x080003ee   0x080003ee   0x00000024   Code   RO         3043    .text               c_w.l(strstr.o)
    0x08000412   0x08000412   0x00000048   Code   RO         3045    .text               c_w.l(strcpy.o)
    0x0800045a   0x0800045a   0x0000003e   Code   RO         3047    .text               c_w.l(strlen.o)
    0x08000498   0x08000498   0x00000064   Code   RO         3049    .text               c_w.l(rt_memcpy_w.o)
    0x080004fc   0x080004fc   0x0000004e   Code   RO         3051    .text               c_w.l(rt_memclr_w.o)
    0x0800054a   0x0800054a   0x00000006   Code   RO         3053    .text               c_w.l(heapauxi.o)
    0x08000550   0x08000550   0x000000b2   Code   RO         3094    .text               c_w.l(_printf_intcommon.o)
    0x08000602   0x08000602   0x0000041e   Code   RO         3096    .text               c_w.l(_printf_fp_dec.o)
    0x08000a20   0x08000a20   0x00000030   Code   RO         3098    .text               c_w.l(_printf_char_common.o)
    0x08000a50   0x08000a50   0x0000000a   Code   RO         3100    .text               c_w.l(_sputc.o)
    0x08000a5a   0x08000a5a   0x0000002c   Code   RO         3102    .text               c_w.l(_printf_char.o)
    0x08000a86   0x08000a86   0x00000002   PAD
    0x08000a88   0x08000a88   0x00000008   Code   RO         3132    .text               c_w.l(rt_locale_intlibspace.o)
    0x08000a90   0x08000a90   0x0000008a   Code   RO         3134    .text               c_w.l(lludiv10.o)
    0x08000b1a   0x08000b1a   0x00000002   PAD
    0x08000b1c   0x08000b1c   0x00000080   Code   RO         3136    .text               c_w.l(_printf_fp_infnan.o)
    0x08000b9c   0x08000b9c   0x000000e4   Code   RO         3140    .text               c_w.l(bigflt0.o)
    0x08000c80   0x08000c80   0x00000008   Code   RO         3172    .text               c_w.l(libspace.o)
    0x08000c88   0x08000c88   0x0000004a   Code   RO         3175    .text               c_w.l(sys_stackheap_outer.o)
    0x08000cd2   0x08000cd2   0x00000012   Code   RO         3177    .text               c_w.l(exit.o)
    0x08000ce4   0x08000ce4   0x00000080   Code   RO         3179    .text               c_w.l(strcmpv7m.o)
    0x08000d64   0x08000d64   0x0000000c   Code   RO         3251    .text               c_w.l(sys_exit.o)
    0x08000d70   0x08000d70   0x00000002   Code   RO         3262    .text               c_w.l(use_no_semi.o)
    0x08000d72   0x08000d72   0x00000000   Code   RO         3264    .text               c_w.l(indicate_semi.o)
    0x08000d72   0x08000d72   0x0000003e   Code   RO         3143    CL$$btod_d2e        c_w.l(btod.o)
    0x08000db0   0x08000db0   0x00000046   Code   RO         3145    CL$$btod_d2e_denorm_low  c_w.l(btod.o)
    0x08000df6   0x08000df6   0x00000060   Code   RO         3144    CL$$btod_d2e_norm_op1  c_w.l(btod.o)
    0x08000e56   0x08000e56   0x00000338   Code   RO         3153    CL$$btod_div_common  c_w.l(btod.o)
    0x0800118e   0x0800118e   0x000000dc   Code   RO         3150    CL$$btod_e2e        c_w.l(btod.o)
    0x0800126a   0x0800126a   0x0000002a   Code   RO         3147    CL$$btod_ediv       c_w.l(btod.o)
    0x08001294   0x08001294   0x0000002a   Code   RO         3146    CL$$btod_emul       c_w.l(btod.o)
    0x080012be   0x080012be   0x00000244   Code   RO         3152    CL$$btod_mult_common  c_w.l(btod.o)
    0x08001502   0x08001502   0x00000002   Code   RO          413    i.BusFault_Handler  stm32f1xx_it.o
    0x08001504   0x08001504   0x00000058   Code   RO           13    i.DHT11_Check       dht11.o
    0x0800155c   0x0800155c   0x00000014   Code   RO           14    i.DHT11_IO_IN       dht11.o
    0x08001570   0x08001570   0x00000014   Code   RO           15    i.DHT11_IO_OUT      dht11.o
    0x08001584   0x08001584   0x00000056   Code   RO           16    i.DHT11_Read_Bit    dht11.o
    0x080015da   0x080015da   0x00000026   Code   RO           17    i.DHT11_Read_Byte   dht11.o
    0x08001600   0x08001600   0x0000005e   Code   RO           18    i.DHT11_Read_Data   dht11.o
    0x0800165e   0x0800165e   0x0000002e   Code   RO           19    i.DHT11_Rst         dht11.o
    0x0800168c   0x0800168c   0x00000002   Code   RO          414    i.DebugMon_Handler  stm32f1xx_it.o
    0x0800168e   0x0800168e   0x00000002   PAD
    0x08001690   0x08001690   0x00000034   Code   RO          415    i.EXTI0_IRQHandler  stm32f1xx_it.o
    0x080016c4   0x080016c4   0x00000044   Code   RO          416    i.EXTI1_IRQHandler  stm32f1xx_it.o
    0x08001708   0x08001708   0x00000004   Code   RO          163    i.Error_Handler     main.o
    0x0800170c   0x0800170c   0x00000046   Code   RO         2011    i.HAL_DMA_Abort     stm32f1xx_hal_dma.o
    0x08001752   0x08001752   0x00000002   PAD
    0x08001754   0x08001754   0x00000098   Code   RO         2012    i.HAL_DMA_Abort_IT  stm32f1xx_hal_dma.o
    0x080017ec   0x080017ec   0x00000024   Code   RO         1637    i.HAL_Delay         stm32f1xx_hal.o
    0x08001810   0x08001810   0x00000002   Code   RO         1945    i.HAL_GPIO_EXTI_Callback  stm32f1xx_hal_gpio.o
    0x08001812   0x08001812   0x00000002   PAD
    0x08001814   0x08001814   0x00000018   Code   RO         1946    i.HAL_GPIO_EXTI_IRQHandler  stm32f1xx_hal_gpio.o
    0x0800182c   0x0800182c   0x000001e0   Code   RO         1947    i.HAL_GPIO_Init     stm32f1xx_hal_gpio.o
    0x08001a0c   0x08001a0c   0x0000000a   Code   RO         1949    i.HAL_GPIO_ReadPin  stm32f1xx_hal_gpio.o
    0x08001a16   0x08001a16   0x0000000a   Code   RO         1951    i.HAL_GPIO_WritePin  stm32f1xx_hal_gpio.o
    0x08001a20   0x08001a20   0x0000000c   Code   RO         1641    i.HAL_GetTick       stm32f1xx_hal.o
    0x08001a2c   0x08001a2c   0x00000010   Code   RO         1647    i.HAL_IncTick       stm32f1xx_hal.o
    0x08001a3c   0x08001a3c   0x00000024   Code   RO         1648    i.HAL_Init          stm32f1xx_hal.o
    0x08001a60   0x08001a60   0x00000040   Code   RO         1649    i.HAL_InitTick      stm32f1xx_hal.o
    0x08001aa0   0x08001aa0   0x0000003c   Code   RO          519    i.HAL_MspInit       stm32f1xx_hal_msp.o
    0x08001adc   0x08001adc   0x0000001a   Code   RO         2107    i.HAL_NVIC_EnableIRQ  stm32f1xx_hal_cortex.o
    0x08001af6   0x08001af6   0x00000002   PAD
    0x08001af8   0x08001af8   0x00000040   Code   RO         2113    i.HAL_NVIC_SetPriority  stm32f1xx_hal_cortex.o
    0x08001b38   0x08001b38   0x00000024   Code   RO         2114    i.HAL_NVIC_SetPriorityGrouping  stm32f1xx_hal_cortex.o
    0x08001b5c   0x08001b5c   0x0000012c   Code   RO         1805    i.HAL_RCC_ClockConfig  stm32f1xx_hal_rcc.o
    0x08001c88   0x08001c88   0x00000020   Code   RO         1812    i.HAL_RCC_GetPCLK1Freq  stm32f1xx_hal_rcc.o
    0x08001ca8   0x08001ca8   0x00000020   Code   RO         1813    i.HAL_RCC_GetPCLK2Freq  stm32f1xx_hal_rcc.o
    0x08001cc8   0x08001cc8   0x0000004c   Code   RO         1814    i.HAL_RCC_GetSysClockFreq  stm32f1xx_hal_rcc.o
    0x08001d14   0x08001d14   0x00000320   Code   RO         1817    i.HAL_RCC_OscConfig  stm32f1xx_hal_rcc.o
    0x08002034   0x08002034   0x00000028   Code   RO         2118    i.HAL_SYSTICK_Config  stm32f1xx_hal_cortex.o
    0x0800205c   0x0800205c   0x00000002   Code   RO         1363    i.HAL_TIMEx_BreakCallback  stm32f1xx_hal_tim_ex.o
    0x0800205e   0x0800205e   0x00000002   Code   RO         1364    i.HAL_TIMEx_CommutCallback  stm32f1xx_hal_tim_ex.o
    0x08002060   0x08002060   0x00000054   Code   RO         1366    i.HAL_TIMEx_ConfigBreakDeadTime  stm32f1xx_hal_tim_ex.o
    0x080020b4   0x080020b4   0x00000068   Code   RO         1382    i.HAL_TIMEx_MasterConfigSynchronization  stm32f1xx_hal_tim_ex.o
    0x0800211c   0x0800211c   0x0000005a   Code   RO          659    i.HAL_TIM_Base_Init  stm32f1xx_hal_tim.o
    0x08002176   0x08002176   0x00000002   PAD
    0x08002178   0x08002178   0x000000a4   Code   RO          297    i.HAL_TIM_Base_MspInit  tim.o
    0x0800221c   0x0800221c   0x00000058   Code   RO          664    i.HAL_TIM_Base_Start_IT  stm32f1xx_hal_tim.o
    0x08002274   0x08002274   0x000000dc   Code   RO          668    i.HAL_TIM_ConfigClockSource  stm32f1xx_hal_tim.o
    0x08002350   0x08002350   0x00000002   Code   RO          693    i.HAL_TIM_IC_CaptureCallback  stm32f1xx_hal_tim.o
    0x08002352   0x08002352   0x00000124   Code   RO          695    i.HAL_TIM_IC_ConfigChannel  stm32f1xx_hal_tim.o
    0x08002476   0x08002476   0x0000005a   Code   RO          698    i.HAL_TIM_IC_Init   stm32f1xx_hal_tim.o
    0x080024d0   0x080024d0   0x00000002   Code   RO          700    i.HAL_TIM_IC_MspInit  stm32f1xx_hal_tim.o
    0x080024d2   0x080024d2   0x00000002   PAD
    0x080024d4   0x080024d4   0x000000e4   Code   RO          703    i.HAL_TIM_IC_Start_IT  stm32f1xx_hal_tim.o
    0x080025b8   0x080025b8   0x00000130   Code   RO          707    i.HAL_TIM_IRQHandler  stm32f1xx_hal_tim.o
    0x080026e8   0x080026e8   0x0000004c   Code   RO          298    i.HAL_TIM_MspPostInit  tim.o
    0x08002734   0x08002734   0x00000002   Code   RO          710    i.HAL_TIM_OC_DelayElapsedCallback  stm32f1xx_hal_tim.o
    0x08002736   0x08002736   0x000000cc   Code   RO          731    i.HAL_TIM_PWM_ConfigChannel  stm32f1xx_hal_tim.o
    0x08002802   0x08002802   0x0000005a   Code   RO          734    i.HAL_TIM_PWM_Init  stm32f1xx_hal_tim.o
    0x0800285c   0x0800285c   0x00000002   Code   RO          736    i.HAL_TIM_PWM_MspInit  stm32f1xx_hal_tim.o
    0x0800285e   0x0800285e   0x00000002   Code   RO          737    i.HAL_TIM_PWM_PulseFinishedCallback  stm32f1xx_hal_tim.o
    0x08002860   0x08002860   0x0000009c   Code   RO          739    i.HAL_TIM_PWM_Start  stm32f1xx_hal_tim.o
    0x080028fc   0x080028fc   0x00000024   Code   RO          164    i.HAL_TIM_PeriodElapsedCallback  main.o
    0x08002920   0x08002920   0x0000002a   Code   RO          747    i.HAL_TIM_ReadCapturedValue  stm32f1xx_hal_tim.o
    0x0800294a   0x0800294a   0x00000002   Code   RO          750    i.HAL_TIM_TriggerCallback  stm32f1xx_hal_tim.o
    0x0800294c   0x0800294c   0x00000002   Code   RO         2619    i.HAL_UARTEx_RxEventCallback  stm32f1xx_hal_uart.o
    0x0800294e   0x0800294e   0x00000002   Code   RO         2633    i.HAL_UART_ErrorCallback  stm32f1xx_hal_uart.o
    0x08002950   0x08002950   0x0000026c   Code   RO         2636    i.HAL_UART_IRQHandler  stm32f1xx_hal_uart.o
    0x08002bbc   0x08002bbc   0x00000064   Code   RO         2637    i.HAL_UART_Init     stm32f1xx_hal_uart.o
    0x08002c20   0x08002c20   0x000000cc   Code   RO          357    i.HAL_UART_MspInit  usart.o
    0x08002cec   0x08002cec   0x00000002   Code   RO         2643    i.HAL_UART_RxCpltCallback  stm32f1xx_hal_uart.o
    0x08002cee   0x08002cee   0x000000a0   Code   RO         2645    i.HAL_UART_Transmit  stm32f1xx_hal_uart.o
    0x08002d8e   0x08002d8e   0x00000002   Code   RO         2648    i.HAL_UART_TxCpltCallback  stm32f1xx_hal_uart.o
    0x08002d90   0x08002d90   0x00000002   Code   RO          417    i.HardFault_Handler  stm32f1xx_it.o
    0x08002d92   0x08002d92   0x00000002   PAD
    0x08002d94   0x08002d94   0x00000094   Code   RO          165    i.Key_Process       main.o
    0x08002e28   0x08002e28   0x00000028   Code   RO          166    i.Key_Trigger       main.o
    0x08002e50   0x08002e50   0x000000fc   Code   RO          272    i.MX_GPIO_Init      gpio.o
    0x08002f4c   0x08002f4c   0x000000e0   Code   RO          299    i.MX_TIM1_Init      tim.o
    0x0800302c   0x0800302c   0x00000068   Code   RO          300    i.MX_TIM2_Init      tim.o
    0x08003094   0x08003094   0x000000a4   Code   RO          301    i.MX_TIM4_Init      tim.o
    0x08003138   0x08003138   0x00000038   Code   RO          358    i.MX_USART1_UART_Init  usart.o
    0x08003170   0x08003170   0x00000038   Code   RO          359    i.MX_USART2_UART_Init  usart.o
    0x080031a8   0x080031a8   0x00000002   Code   RO          418    i.MemManage_Handler  stm32f1xx_it.o
    0x080031aa   0x080031aa   0x00000002   Code   RO          419    i.NMI_Handler       stm32f1xx_it.o
    0x080031ac   0x080031ac   0x00000002   Code   RO          420    i.PendSV_Handler    stm32f1xx_it.o
    0x080031ae   0x080031ae   0x00000002   PAD
    0x080031b0   0x080031b0   0x00000074   Code   RO          360    i.STM32_To_ESP8266  usart.o
    0x08003224   0x08003224   0x00000002   Code   RO          421    i.SVC_Handler       stm32f1xx_it.o
    0x08003226   0x08003226   0x00000004   Code   RO          422    i.SysTick_Handler   stm32f1xx_it.o
    0x0800322a   0x0800322a   0x0000005e   Code   RO          168    i.SystemClock_Config  main.o
    0x08003288   0x08003288   0x00000002   Code   RO         2971    i.SystemInit        system_stm32f1xx.o
    0x0800328a   0x0800328a   0x00000002   PAD
    0x0800328c   0x0800328c   0x0000000c   Code   RO          423    i.TIM2_IRQHandler   stm32f1xx_it.o
    0x08003298   0x08003298   0x000000a8   Code   RO          424    i.TIM4_IRQHandler   stm32f1xx_it.o
    0x08003340   0x08003340   0x00000078   Code   RO          752    i.TIM_Base_SetConfig  stm32f1xx_hal_tim.o
    0x080033b8   0x080033b8   0x0000001a   Code   RO          753    i.TIM_CCxChannelCmd  stm32f1xx_hal_tim.o
    0x080033d2   0x080033d2   0x00000014   Code   RO          763    i.TIM_ETR_SetConfig  stm32f1xx_hal_tim.o
    0x080033e6   0x080033e6   0x00000010   Code   RO          764    i.TIM_ITRx_SetConfig  stm32f1xx_hal_tim.o
    0x080033f6   0x080033f6   0x00000002   PAD
    0x080033f8   0x080033f8   0x00000050   Code   RO          765    i.TIM_OC1_SetConfig  stm32f1xx_hal_tim.o
    0x08003448   0x08003448   0x00000058   Code   RO          766    i.TIM_OC2_SetConfig  stm32f1xx_hal_tim.o
    0x080034a0   0x080034a0   0x00000058   Code   RO          767    i.TIM_OC3_SetConfig  stm32f1xx_hal_tim.o
    0x080034f8   0x080034f8   0x00000044   Code   RO          768    i.TIM_OC4_SetConfig  stm32f1xx_hal_tim.o
    0x0800353c   0x0800353c   0x00000022   Code   RO          770    i.TIM_TI1_ConfigInputStage  stm32f1xx_hal_tim.o
    0x0800355e   0x0800355e   0x00000002   PAD
    0x08003560   0x08003560   0x00000058   Code   RO          771    i.TIM_TI1_SetConfig  stm32f1xx_hal_tim.o
    0x080035b8   0x080035b8   0x00000024   Code   RO          772    i.TIM_TI2_ConfigInputStage  stm32f1xx_hal_tim.o
    0x080035dc   0x080035dc   0x00000036   Code   RO          773    i.TIM_TI2_SetConfig  stm32f1xx_hal_tim.o
    0x08003612   0x08003612   0x00000010   Code   RO         2650    i.UART_DMAAbortOnError  stm32f1xx_hal_uart.o
    0x08003622   0x08003622   0x0000004e   Code   RO         2660    i.UART_EndRxTransfer  stm32f1xx_hal_uart.o
    0x08003670   0x08003670   0x000000c2   Code   RO         2662    i.UART_Receive_IT   stm32f1xx_hal_uart.o
    0x08003732   0x08003732   0x00000002   PAD
    0x08003734   0x08003734   0x000000b8   Code   RO         2663    i.UART_SetConfig    stm32f1xx_hal_uart.o
    0x080037ec   0x080037ec   0x00000072   Code   RO         2666    i.UART_WaitOnFlagUntilTimeout  stm32f1xx_hal_uart.o
    0x0800385e   0x0800385e   0x00000002   PAD
    0x08003860   0x08003860   0x0000005c   Code   RO          425    i.USART1_IRQHandler  stm32f1xx_it.o
    0x080038bc   0x080038bc   0x000000e0   Code   RO          169    i.Ultrasonic_Calc_Distance  main.o
    0x0800399c   0x0800399c   0x00000038   Code   RO          170    i.Ultrasonic_NonBlocking_Read  main.o
    0x080039d4   0x080039d4   0x0000004c   Code   RO          171    i.Ultrasonic_Trigger  main.o
    0x08003a20   0x08003a20   0x00000002   Code   RO          426    i.UsageFault_Handler  stm32f1xx_it.o
    0x08003a22   0x08003a22   0x00000028   Code   RO         3170    i.__ARM_fpclassify  m_ws.l(fpclassify.o)
    0x08003a4a   0x08003a4a   0x00000020   Code   RO         2120    i.__NVIC_SetPriority  stm32f1xx_hal_cortex.o
    0x08003a6a   0x08003a6a   0x0000000e   Code   RO         3029    i._is_digit         c_w.l(__printf_wp.o)
    0x08003a78   0x08003a78   0x00000038   Code   RO          172    i.delay_us          main.o
    0x08003ab0   0x08003ab0   0x00000258   Code   RO          173    i.main              main.o
    0x08003d08   0x08003d08   0x0000002c   Code   RO         3166    locale$$code        c_w.l(lc_numeric_c.o)
    0x08003d34   0x08003d34   0x00000062   Code   RO         3057    x$fpl$d2f           fz_ws.l(d2f.o)
    0x08003d96   0x08003d96   0x00000002   PAD
    0x08003d98   0x08003d98   0x00000150   Code   RO         3059    x$fpl$dadd          fz_ws.l(daddsub_clz.o)
    0x08003ee8   0x08003ee8   0x0000005e   Code   RO         3065    x$fpl$dfix          fz_ws.l(dfix.o)
    0x08003f46   0x08003f46   0x00000026   Code   RO         3069    x$fpl$dfltu         fz_ws.l(dflt_clz.o)
    0x08003f6c   0x08003f6c   0x00000154   Code   RO         3075    x$fpl$dmul          fz_ws.l(dmul.o)
    0x080040c0   0x080040c0   0x0000009c   Code   RO         3105    x$fpl$dnaninf       fz_ws.l(dnaninf.o)
    0x0800415c   0x0800415c   0x0000000c   Code   RO         3107    x$fpl$dretinf       fz_ws.l(dretinf.o)
    0x08004168   0x08004168   0x000001d4   Code   RO         3061    x$fpl$dsub          fz_ws.l(daddsub_clz.o)
    0x0800433c   0x0800433c   0x00000056   Code   RO         3077    x$fpl$f2d           fz_ws.l(f2d.o)
    0x08004392   0x08004392   0x00000002   PAD
    0x08004394   0x08004394   0x00000184   Code   RO         3080    x$fpl$fdiv          fz_ws.l(fdiv.o)
    0x08004518   0x08004518   0x00000030   Code   RO         3084    x$fpl$fflt          fz_ws.l(fflt_clz.o)
    0x08004548   0x08004548   0x00000026   Code   RO         3083    x$fpl$ffltu         fz_ws.l(fflt_clz.o)
    0x0800456e   0x0800456e   0x00000002   PAD
    0x08004570   0x08004570   0x00000102   Code   RO         3089    x$fpl$fmul          fz_ws.l(fmul.o)
    0x08004672   0x08004672   0x0000008c   Code   RO         3109    x$fpl$fnaninf       fz_ws.l(fnaninf.o)
    0x080046fe   0x080046fe   0x0000000a   Code   RO         3111    x$fpl$fretinf       fz_ws.l(fretinf.o)
    0x08004708   0x08004708   0x00000004   Code   RO         3091    x$fpl$printf1       fz_ws.l(printf1.o)
    0x0800470c   0x0800470c   0x00000000   Code   RO         3113    x$fpl$usenofp       fz_ws.l(usenofp.o)
    0x0800470c   0x0800470c   0x00000012   Data   RO         1818    .constdata          stm32f1xx_hal_rcc.o
    0x0800471e   0x0800471e   0x00000010   Data   RO         2972    .constdata          system_stm32f1xx.o
    0x0800472e   0x0800472e   0x00000008   Data   RO         2973    .constdata          system_stm32f1xx.o
    0x08004736   0x08004736   0x00000002   PAD
    0x08004738   0x08004738   0x00000094   Data   RO         3141    .constdata          c_w.l(bigflt0.o)
    0x080047cc   0x080047cc   0x00000020   Data   RO         3311    Region$$Table       anon$$obj.o
    0x080047ec   0x080047ec   0x0000001c   Data   RO         3165    locale$$data        c_w.l(lc_numeric_c.o)


    Execution Region RW_IRAM1 (Exec base: 0x20000000, Load base: 0x08004808, Size: 0x00000898, Max: 0x00005000, ABSOLUTE)

    Exec Addr    Load Addr    Size         Type   Attr      Idx    E Section Name        Object

    0x20000000   0x08004808   0x0000001c   Data   RW          175    .data               main.o
    0x2000001c   0x08004824   0x0000000c   Data   RW         1655    .data               stm32f1xx_hal.o
    0x20000028   0x08004830   0x00000004   Data   RW         2974    .data               system_stm32f1xx.o
    0x2000002c        -       0x000000a0   Zero   RW          174    .bss                main.o
    0x200000cc        -       0x000000d8   Zero   RW          302    .bss                tim.o
    0x200001a4        -       0x00000090   Zero   RW          361    .bss                usart.o
    0x20000234        -       0x00000060   Zero   RW         3173    .bss                c_w.l(libspace.o)
    0x20000294   0x08004834   0x00000004   PAD
    0x20000298        -       0x00000200   Zero   RW            2    HEAP                startup_stm32f103xb.o
    0x20000498        -       0x00000400   Zero   RW            1    STACK               startup_stm32f103xb.o


==============================================================================

Image component sizes


      Code (inc. data)   RO Data    RW Data    ZI Data      Debug   Object Name

       392          0          0          0          0     427520   dht11.o
       252         20          0          0          0       1019   gpio.o
      1334        208          0         28        160       8237   main.o
        64         26        236          0       1536        808   startup_stm32f103xb.o
       164         28          0         12          0       5933   stm32f1xx_hal.o
       198         14          0          0          0      28959   stm32f1xx_hal_cortex.o
       222          4          0          0          0       1783   stm32f1xx_hal_dma.o
       526         40          0          0          0       4655   stm32f1xx_hal_gpio.o
         0          0          0          0          0     421140   stm32f1xx_hal_gpio_ex.o
        60          8          0          0          0        886   stm32f1xx_hal_msp.o
      1240         84         18          0          0       5136   stm32f1xx_hal_rcc.o
      2534         80          0          0          0      21846   stm32f1xx_hal_tim.o
       192         12          0          0          0       3209   stm32f1xx_hal_tim_ex.o
      1474         10          0          0          0      10144   stm32f1xx_hal_uart.o
       412         82          0          0          0       6568   stm32f1xx_it.o
         2          0         24          4          0       1131   system_stm32f1xx.o
       732         52          0          0        216       3982   tim.o
       432         68          0          0        144       3234   usart.o

    ----------------------------------------------------------------------
     10256        736        312         44       2056     956190   Object Totals
         0          0         32          0          0          0   (incl. Generated)
        26          0          2          0          0          0   (incl. Padding)

    ----------------------------------------------------------------------

      Code (inc. data)   RO Data    RW Data    ZI Data      Debug   Library Member Name

         8          0          0          0          0         68   __main.o
       284          0          0          0          0        156   __printf_wp.o
         0          0          0          0          0          0   __rtentry.o
        12          0          0          0          0          0   __rtentry2.o
         6          0          0          0          0          0   __rtentry4.o
        52          8          0          0          0          0   __scatter.o
        26          0          0          0          0          0   __scatter_copy.o
        28          0          0          0          0          0   __scatter_zi.o
        44          0          0          0          0        108   _printf_char.o
        48          6          0          0          0         96   _printf_char_common.o
         6          0          0          0          0          0   _printf_d.o
       120         16          0          0          0         92   _printf_dec.o
         6          0          0          0          0          0   _printf_f.o
      1054          0          0          0          0        216   _printf_fp_dec.o
       128         16          0          0          0         84   _printf_fp_infnan.o
       178          0          0          0          0         88   _printf_intcommon.o
         0          0          0          0          0          0   _printf_percent.o
         4          0          0          0          0          0   _printf_percent_end.o
         6          0          0          0          0          0   _printf_s.o
        82          0          0          0          0         80   _printf_str.o
        10          0          0          0          0         68   _sputc.o
       228          4        148          0          0         96   bigflt0.o
      1936        128          0          0          0        672   btod.o
        18          0          0          0          0         80   exit.o
         6          0          0          0          0        152   heapauxi.o
         0          0          0          0          0          0   indicate_semi.o
        44         10         28          0          0         76   lc_numeric_c.o
         2          0          0          0          0          0   libinit.o
        18          0          0          0          0          0   libinit2.o
         2          0          0          0          0          0   libshutdown.o
         2          0          0          0          0          0   libshutdown2.o
         8          4          0          0         96         68   libspace.o
       138          0          0          0          0         80   lludiv10.o
        40          6          0          0          0         84   noretval__2sprintf.o
         8          4          0          0          0         68   rt_locale_intlibspace.o
        78          0          0          0          0         80   rt_memclr_w.o
       100          0          0          0          0         80   rt_memcpy_w.o
         2          0          0          0          0          0   rtexit.o
        10          0          0          0          0          0   rtexit2.o
       128          0          0          0          0         68   strcmpv7m.o
        72          0          0          0          0         80   strcpy.o
        62          0          0          0          0         76   strlen.o
        36          0          0          0          0         80   strstr.o
        12          4          0          0          0         68   sys_exit.o
        74          0          0          0          0         80   sys_stackheap_outer.o
         2          0          0          0          0         68   use_no_semi.o
        98          4          0          0          0         92   d2f.o
       804         16          0          0          0        272   daddsub_clz.o
        94          4          0          0          0         92   dfix.o
        38          0          0          0          0         68   dflt_clz.o
       340         12          0          0          0        104   dmul.o
       156          4          0          0          0         92   dnaninf.o
        12          0          0          0          0         68   dretinf.o
        86          4          0          0          0         84   f2d.o
       388         76          0          0          0         96   fdiv.o
        86          0          0          0          0        136   fflt_clz.o
       258          4          0          0          0         84   fmul.o
       140          4          0          0          0         84   fnaninf.o
        10          0          0          0          0         68   fretinf.o
         4          0          0          0          0         68   printf1.o
         0          0          0          0          0          0   usenofp.o
        40          0          0          0          0         68   fpclassify.o

    ----------------------------------------------------------------------
      7696        334        176          0        100       4588   Library Totals
        14          0          0          0          4          0   (incl. Padding)

    ----------------------------------------------------------------------

      Code (inc. data)   RO Data    RW Data    ZI Data      Debug   Library Name

      5128        206        176          0         96       3112   c_w.l
      2514        128          0          0          0       1408   fz_ws.l
        40          0          0          0          0         68   m_ws.l

    ----------------------------------------------------------------------
      7696        334        176          0        100       4588   Library Totals

    ----------------------------------------------------------------------

==============================================================================


      Code (inc. data)   RO Data    RW Data    ZI Data      Debug   

     17952       1070        488         44       2156     952714   Grand Totals
     17952       1070        488         44       2156     952714   ELF Image Totals
     17952       1070        488         44          0          0   ROM Totals

==============================================================================

    Total RO  Size (Code + RO Data)                18440 (  18.01kB)
    Total RW  Size (RW Data + ZI Data)              2200 (   2.15kB)
    Total ROM Size (Code + RO Data + RW Data)      18484 (  18.05kB)

==============================================================================

